core_cm7.h:2229:22:SCB_EnableICache	4	static,ignoring_inline_asm
core_cm7.h:2281:22:SCB_EnableDCache	24	static,ignoring_inline_asm
main.c:168:5:main	24	static
main.c:279:6:SystemClock_Config	216	static
main.c:343:13:MX_ADC3_Init	24	static
main.c:393:13:MX_CRC_Init	8	static
main.c:424:13:MX_I2C1_Init	8	static
main.c:470:13:MX_UART4_Init	8	static
main.c:505:13:MX_UART7_Init	8	static
main.c:540:13:MX_USART1_UART_Init	8	static
main.c:575:13:MX_USART6_UART_Init	8	static
main.c:608:13:MX_DMA_Init	16	static
main.c:626:13:MX_GPIO_Init	24	static
main.c:639:6:Sort_ADC_buffer	16	static
main.c:647:6:Mel_array	24	static
main.c:661:6:Find_max_output_ind	16	static
main.c:686:6:Send_Activities_to_NEXTION	8	static
main.c:745:6:Send_Sensor_to_NEXTION	8	static
main.c:772:6:Delete_Buffer	24	static
main.c:781:6:Buffer_Substring	32	static
main.c:794:6:NEXTION_Send	72	static
main.c:802:6:NEXTION_Sendfloat	88	static
main.c:816:2:__io_putchar	16	static
main.c:824:13:Preprocessing_Init	8	static
main.c:849:6:Buffer_to_float	48	static
main.c:871:13:PowerTodB	24	static
main.c:902:6:Error_Handler	4	static
