main.c:169:22:DelayMicro	16	static
main.c:186:6:HAL_RTC_AlarmAEventCallback	16	static
main.c:196:9:DecimalToBCD	16	static
main.c:201:6:setTime	24	static
main.c:216:6:getTime	8	static
main.c:231:6:set_Alarm	32	static
main.c:261:6:HAL_UART_RxCpltCallback	16	static
main.c:310:6:str2hex	24	static
main.c:321:9:NMEA_Checksum	184	static,ignoring_inline_asm
main.c:343:9:check_Valid_Header	24	static
main.c:375:9:take_Coordinate	32	static,ignoring_inline_asm
main.c:423:9:send_Coordinate_to_Serve	64	static,ignoring_inline_asm
main.c:475:7:Haversine	72	static
main.c:497:6:ON_OFF_Pulse	8	static
main.c:507:6:convert_Mode	16	static
main.c:518:6:HAL_GPIO_EXTI_Callback	32	static,ignoring_inline_asm
main.c:556:6:deleteBuffer	24	static
main.c:565:9:SaraU201Command	40	static
main.c:593:6:resetHardwareSARAU201	8	static
main.c:606:9:resetSoftwareSARAU201	8	static
main.c:617:6:contcatenateString	24	static
main.c:625:9:deleteSMS	8	static
main.c:632:9:checkPhoneNumber	16	static
main.c:646:9:CheckValidSMS	32	static
main.c:656:9:CheckValidDataTime	32	static
main.c:666:9:CheckValidDataServer	32	static
main.c:676:9:checkRSSI	16	static
main.c:689:6:checkMessage	32	static
main.c:724:9:checkDataServer	40	static
main.c:755:9:initSIM	8	static
main.c:790:9:sendMsg	48	static
main.c:849:9:makeCall	40	static
main.c:890:6:CutString	40	static
main.c:911:9:DataServer	40	static
main.c:962:9:getTimeServer	40	static
main.c:997:9:ConverDay	16	static
main.c:1007:9:ConverMonth	16	static
main.c:1022:6:nextDay	24	static
main.c:1056:9:checkSafeArea	48	static
main.c:1072:6:send_getDataServer	40	static
main.c:1097:6:Detaching	16	static
main.c:1107:6:outSafeArea	16	static
main.c:1115:6:allowDetach	8	static
main.c:1123:6:enableSpeaker	16	static
main.c:1133:6:enableDetach	16	static
main.c:1150:5:main	24	static
main.c:1321:6:SystemClock_Config	184	static
main.c:1382:13:MX_ADC1_Init	32	static
main.c:1439:13:MX_LPUART1_UART_Init	8	static
main.c:1473:13:MX_USART1_UART_Init	8	static
main.c:1508:13:MX_RTC_Init	80	static
main.c:1589:13:MX_GPIO_Init	40	static
main.c:1658:6:Error_Handler	4	static
