Archive member included to satisfy reference by file (symbol)

../libs\libarm_cortexM7lfdp_math.a(arm_rfft_fast_init_f32.o)
                              Core/Src/main.o (arm_rfft_fast_init_f32)
../libs\libarm_cortexM7lfdp_math.a(arm_rfft_fast_f32.o)
                              Drivers/STM32_AI_AudioPreprocessing_Library/Src/feature_extraction.o (arm_rfft_fast_f32)
../libs\libarm_cortexM7lfdp_math.a(arm_cfft_f32.o)
                              ../libs\libarm_cortexM7lfdp_math.a(arm_rfft_fast_f32.o) (arm_cfft_f32)
../libs\libarm_cortexM7lfdp_math.a(arm_cmplx_mag_squared_f32.o)
                              Drivers/STM32_AI_AudioPreprocessing_Library/Src/feature_extraction.o (arm_cmplx_mag_squared_f32)
../libs\libarm_cortexM7lfdp_math.a(arm_mult_f32.o)
                              Drivers/STM32_AI_AudioPreprocessing_Library/Src/feature_extraction.o (arm_mult_f32)
../libs\libarm_cortexM7lfdp_math.a(arm_common_tables.o)
                              ../libs\libarm_cortexM7lfdp_math.a(arm_rfft_fast_init_f32.o) (twiddleCoef_rfft_4096)
../libs\libarm_cortexM7lfdp_math.a(arm_bitreversal2.o)
                              ../libs\libarm_cortexM7lfdp_math.a(arm_cfft_f32.o) (arm_bitreversal_32)
../libs\libarm_cortexM7lfdp_math.a(arm_cfft_radix8_f32.o)
                              ../libs\libarm_cortexM7lfdp_math.a(arm_cfft_f32.o) (arm_radix8_butterfly_f32)
../Middlewares/ST/AI/Lib\NetworkRuntime512_CM7_GCC.a(ai_platform_interface.o)
                              X-CUBE-AI/App/network.o (ai_platform_runtime_get_revision)
../Middlewares/ST/AI/Lib\NetworkRuntime512_CM7_GCC.a(core_mem_manager.o)
                              ../Middlewares/ST/AI/Lib\NetworkRuntime512_CM7_GCC.a(ai_platform_interface.o) (core_mem_alloc)
../Middlewares/ST/AI/Lib\NetworkRuntime512_CM7_GCC.a(core_common.o)
                              ../Middlewares/ST/AI/Lib\NetworkRuntime512_CM7_GCC.a(ai_platform_interface.o) (core_init)
../Middlewares/ST/AI/Lib\NetworkRuntime512_CM7_GCC.a(layers_conv2d_generic_float.o)
                              X-CUBE-AI/App/network.o (forward_conv2d)
../Middlewares/ST/AI/Lib\NetworkRuntime512_CM7_GCC.a(layers_nl_generic_float.o)
                              X-CUBE-AI/App/network.o (nl_func_relu_generic_array_f32)
../Middlewares/ST/AI/Lib\NetworkRuntime512_CM7_GCC.a(layers_pool_generic_float.o)
                              X-CUBE-AI/App/network.o (forward_mp)
../Middlewares/ST/AI/Lib\NetworkRuntime512_CM7_GCC.a(layers_norm_generic_float.o)
                              X-CUBE-AI/App/network.o (forward_bn)
../Middlewares/ST/AI/Lib\NetworkRuntime512_CM7_GCC.a(layers.o)
                              ../Middlewares/ST/AI/Lib\NetworkRuntime512_CM7_GCC.a(ai_platform_interface.o) (ai_check_custom_types)
../Middlewares/ST/AI/Lib\NetworkRuntime512_CM7_GCC.a(arm_mat_init_f32.o)
                              ../Middlewares/ST/AI/Lib\NetworkRuntime512_CM7_GCC.a(layers_conv2d_generic_float.o) (arm_mat_init_f32)
../Middlewares/ST/AI/Lib\NetworkRuntime512_CM7_GCC.a(ai_datatypes_format.o)
                              ../Middlewares/ST/AI/Lib\NetworkRuntime512_CM7_GCC.a(ai_platform_interface.o) (ai_array_to_buffer_fmt)
../Middlewares/ST/AI/Lib\NetworkRuntime512_CM7_GCC.a(ai_math_helpers.o)
                              ../Middlewares/ST/AI/Lib\NetworkRuntime512_CM7_GCC.a(layers_nl_generic_float.o) (ai_math_sqrt)
c:/st/stm32cubeide_1.3.0/stm32cubeide/plugins/com.st.stm32cube.ide.mcu.externaltools.gnu-tools-for-stm32.7-2018-q2-update.win32_1.4.0.202007081208/tools/bin/../lib/gcc/arm-none-eabi/7.3.1/../../../../arm-none-eabi/lib/thumb/v7e-m/fpv4-sp/hard\libc_nano.a(lib_a-atof.o)
                              Core/Src/main.o (atof)
c:/st/stm32cubeide_1.3.0/stm32cubeide/plugins/com.st.stm32cube.ide.mcu.externaltools.gnu-tools-for-stm32.7-2018-q2-update.win32_1.4.0.202007081208/tools/bin/../lib/gcc/arm-none-eabi/7.3.1/../../../../arm-none-eabi/lib/thumb/v7e-m/fpv4-sp/hard\libc_nano.a(lib_a-errno.o)
                              Core/Src/syscalls.o (__errno)
c:/st/stm32cubeide_1.3.0/stm32cubeide/plugins/com.st.stm32cube.ide.mcu.externaltools.gnu-tools-for-stm32.7-2018-q2-update.win32_1.4.0.202007081208/tools/bin/../lib/gcc/arm-none-eabi/7.3.1/../../../../arm-none-eabi/lib/thumb/v7e-m/fpv4-sp/hard\libc_nano.a(lib_a-exit.o)
                              c:/st/stm32cubeide_1.3.0/stm32cubeide/plugins/com.st.stm32cube.ide.mcu.externaltools.gnu-tools-for-stm32.7-2018-q2-update.win32_1.4.0.202007081208/tools/bin/../lib/gcc/arm-none-eabi/7.3.1/../../../../arm-none-eabi/lib/thumb/v7e-m/fpv4-sp/hard/crt0.o (exit)
c:/st/stm32cubeide_1.3.0/stm32cubeide/plugins/com.st.stm32cube.ide.mcu.externaltools.gnu-tools-for-stm32.7-2018-q2-update.win32_1.4.0.202007081208/tools/bin/../lib/gcc/arm-none-eabi/7.3.1/../../../../arm-none-eabi/lib/thumb/v7e-m/fpv4-sp/hard\libc_nano.a(lib_a-impure.o)
[...]
Memory Configuration

Name             Origin             Length             Attributes
RAM              0x0000000020000000 0x0000000000050000 xrw
FLASH            0x0000000008000000 0x0000000000100000 xr
*default*        0x0000000000000000 0xffffffffffffffff

Linker script and memory map

LOAD c:/st/stm32cubeide_1.3.0/stm32cubeide/plugins/com.st.stm32cube.ide.mcu.externaltools.gnu-tools-for-stm32.7-2018-q2-update.win32_1.4.0.202007081208/tools/bin/../lib/gcc/arm-none-eabi/7.3.1/thumb/v7e-m/fpv4-sp/hard/crti.o
LOAD c:/st/stm32cubeide_1.3.0/stm32cubeide/plugins/com.st.stm32cube.ide.mcu.externaltools.gnu-tools-for-stm32.7-2018-q2-update.win32_1.4.0.202007081208/tools/bin/../lib/gcc/arm-none-eabi/7.3.1/thumb/v7e-m/fpv4-sp/hard/crtbegin.o
LOAD c:/st/stm32cubeide_1.3.0/stm32cubeide/plugins/com.st.stm32cube.ide.mcu.externaltools.gnu-tools-for-stm32.7-2018-q2-update.win32_1.4.0.202007081208/tools/bin/../lib/gcc/arm-none-eabi/7.3.1/../../../../arm-none-eabi/lib/thumb/v7e-m/fpv4-sp/hard/crt0.o
LOAD Core/Src/DHT.o
LOAD Core/Src/ESPDataLogger.o
LOAD Core/Src/UartRingbuffer.o
LOAD Core/Src/bh1750.o
LOAD Core/Src/esp8266_communication.o
LOAD Core/Src/main.o
LOAD Core/Src/pms5003.o
LOAD Core/Src/stm32f7xx_hal_msp.o
LOAD Core/Src/stm32f7xx_it.o
LOAD Core/Src/syscalls.o
LOAD Core/Src/sysmem.o
LOAD Core/Src/system_stm32f7xx.o
LOAD Core/Startup/startup_stm32f746nghx.o
LOAD Drivers/STM32F7xx_HAL_Driver/Src/stm32f7xx_hal.o
LOAD Drivers/STM32F7xx_HAL_Driver/Src/stm32f7xx_hal_adc.o
LOAD Drivers/STM32F7xx_HAL_Driver/Src/stm32f7xx_hal_adc_ex.o
LOAD Drivers/STM32F7xx_HAL_Driver/Src/stm32f7xx_hal_cortex.o
LOAD Drivers/STM32F7xx_HAL_Driver/Src/stm32f7xx_hal_crc.o
LOAD Drivers/STM32F7xx_HAL_Driver/Src/stm32f7xx_hal_crc_ex.o
LOAD Drivers/STM32F7xx_HAL_Driver/Src/stm32f7xx_hal_dma.o
LOAD Drivers/STM32F7xx_HAL_Driver/Src/stm32f7xx_hal_dma_ex.o
LOAD Drivers/STM32F7xx_HAL_Driver/Src/stm32f7xx_hal_exti.o
LOAD Drivers/STM32F7xx_HAL_Driver/Src/stm32f7xx_hal_flash.o
LOAD Drivers/STM32F7xx_HAL_Driver/Src/stm32f7xx_hal_flash_ex.o
LOAD Drivers/STM32F7xx_HAL_Driver/Src/stm32f7xx_hal_gpio.o
LOAD Drivers/STM32F7xx_HAL_Driver/Src/stm32f7xx_hal_i2c.o
LOAD Drivers/STM32F7xx_HAL_Driver/Src/stm32f7xx_hal_i2c_ex.o
LOAD Drivers/STM32F7xx_HAL_Driver/Src/stm32f7xx_hal_pwr.o
LOAD Drivers/STM32F7xx_HAL_Driver/Src/stm32f7xx_hal_pwr_ex.o
LOAD Drivers/STM32F7xx_HAL_Driver/Src/stm32f7xx_hal_rcc.o
LOAD Drivers/STM32F7xx_HAL_Driver/Src/stm32f7xx_hal_rcc_ex.o
LOAD Drivers/STM32F7xx_HAL_Driver/Src/stm32f7xx_hal_tim.o
LOAD Drivers/STM32F7xx_HAL_Driver/Src/stm32f7xx_hal_tim_ex.o
LOAD Drivers/STM32F7xx_HAL_Driver/Src/stm32f7xx_hal_uart.o
LOAD Drivers/STM32F7xx_HAL_Driver/Src/stm32f7xx_hal_uart_ex.o
LOAD Drivers/STM32_AI_AudioPreprocessing_Library/Src/common_tables.o
LOAD Drivers/STM32_AI_AudioPreprocessing_Library/Src/dct.o
LOAD Drivers/STM32_AI_AudioPreprocessing_Library/Src/feature_extraction.o
LOAD Drivers/STM32_AI_AudioPreprocessing_Library/Src/mel_filterbank.o
LOAD Drivers/STM32_AI_AudioPreprocessing_Library/Src/window.o
LOAD X-CUBE-AI/App/app_x-cube-ai.o
LOAD X-CUBE-AI/App/network.o
LOAD X-CUBE-AI/App/network_data.o
LOAD ../libs\libarm_cortexM7lfdp_math.a
LOAD ../Middlewares/ST/AI/Lib\NetworkRuntime512_CM7_GCC.a
START GROUP
LOAD c:/st/stm32cubeide_1.3.0/stm32cubeide/plugins/com.st.stm32cube.ide.mcu.externaltools.gnu-tools-for-stm32.7-2018-q2-update.win32_1.4.0.202007081208/tools/bin/../lib/gcc/arm-none-eabi/7.3.1/../../../../arm-none-eabi/lib/thumb/v7e-m/fpv4-sp/hard\libc_nano.a
LOAD c:/st/stm32cubeide_1.3.0/stm32cubeide/plugins/com.st.stm32cube.ide.mcu.externaltools.gnu-tools-for-stm32.7-2018-q2-update.win32_1.4.0.202007081208/tools/bin/../lib/gcc/arm-none-eabi/7.3.1/../../../../arm-none-eabi/lib/thumb/v7e-m/fpv4-sp/hard\libm.a
END GROUP
START GROUP
LOAD c:/st/stm32cubeide_1.3.0/stm32cubeide/plugins/com.st.stm32cube.ide.mcu.externaltools.gnu-tools-for-stm32.7-2018-q2-update.win32_1.4.0.202007081208/tools/bin/../lib/gcc/arm-none-eabi/7.3.1/thumb/v7e-m/fpv4-sp/hard\libgcc.a
LOAD c:/st/stm32cubeide_1.3.0/stm32cubeide/plugins/com.st.stm32cube.ide.mcu.externaltools.gnu-tools-for-stm32.7-2018-q2-update.win32_1.4.0.202007081208/tools/bin/../lib/gcc/arm-none-eabi/7.3.1/../../../../arm-none-eabi/lib/thumb/v7e-m/fpv4-sp/hard\libc_nano.a
END GROUP
START GROUP
LOAD c:/st/stm32cubeide_1.3.0/stm32cubeide/plugins/com.st.stm32cube.ide.mcu.externaltools.gnu-tools-for-stm32.7-2018-q2-update.win32_1.4.0.202007081208/tools/bin/../lib/gcc/arm-none-eabi/7.3.1/thumb/v7e-m/fpv4-sp/hard\libgcc.a
LOAD c:/st/stm32cubeide_1.3.0/stm32cubeide/plugins/com.st.stm32cube.ide.mcu.externaltools.gnu-tools-for-stm32.7-2018-q2-update.win32_1.4.0.202007081208/tools/bin/../lib/gcc/arm-none-eabi/7.3.1/../../../../arm-none-eabi/lib/thumb/v7e-m/fpv4-sp/hard\libc_nano.a
LOAD c:/st/stm32cubeide_1.3.0/stm32cubeide/plugins/com.st.stm32cube.ide.mcu.externaltools.gnu-tools-for-stm32.7-2018-q2-update.win32_1.4.0.202007081208/tools/bin/../lib/gcc/arm-none-eabi/7.3.1/../../../../arm-none-eabi/lib/thumb/v7e-m/fpv4-sp/hard\libnosys.a
END GROUP
START GROUP
LOAD c:/st/stm32cubeide_1.3.0/stm32cubeide/plugins/com.st.stm32cube.ide.mcu.externaltools.gnu-tools-for-stm32.7-2018-q2-update.win32_1.4.0.202007081208/tools/bin/../lib/gcc/arm-none-eabi/7.3.1/thumb/v7e-m/fpv4-sp/hard\libgcc.a
LOAD c:/st/stm32cubeide_1.3.0/stm32cubeide/plugins/com.st.stm32cube.ide.mcu.externaltools.gnu-tools-for-stm32.7-2018-q2-update.win32_1.4.0.202007081208/tools/bin/../lib/gcc/arm-none-eabi/7.3.1/../../../../arm-none-eabi/lib/thumb/v7e-m/fpv4-sp/hard\libc_nano.a
LOAD c:/st/stm32cubeide_1.3.0/stm32cubeide/plugins/com.st.stm32cube.ide.mcu.externaltools.gnu-tools-for-stm32.7-2018-q2-update.win32_1.4.0.202007081208/tools/bin/../lib/gcc/arm-none-eabi/7.3.1/../../../../arm-none-eabi/lib/thumb/v7e-m/fpv4-sp/hard\libnosys.a
END GROUP
LOAD c:/st/stm32cubeide_1.3.0/stm32cubeide/plugins/com.st.stm32cube.ide.mcu.externaltools.gnu-tools-for-stm32.7-2018-q2-update.win32_1.4.0.202007081208/tools/bin/../lib/gcc/arm-none-eabi/7.3.1/thumb/v7e-m/fpv4-sp/hard/crtend.o
LOAD c:/st/stm32cubeide_1.3.0/stm32cubeide/plugins/com.st.stm32cube.ide.mcu.externaltools.gnu-tools-for-stm32.7-2018-q2-update.win32_1.4.0.202007081208/tools/bin/../lib/gcc/arm-none-eabi/7.3.1/thumb/v7e-m/fpv4-sp/hard/crtn.o
                0x0000000020050000                _estack = (ORIGIN (RAM) + LENGTH (RAM))
                0x0000000000000200                _Min_Heap_Size = 0x200
                0x0000000000000800                _Min_Stack_Size = 0x800

.isr_vector     0x0000000008000000      0x1c8
                0x0000000008000000                . = ALIGN (0x4)
 *(.isr_vector)
 .isr_vector    0x0000000008000000      0x1c8 Core/Startup/startup_stm32f746nghx.o
                0x0000000008000000                g_pfnVectors
                0x00000000080001c8                . = ALIGN (0x4)

.text           0x00000000080001d0     0xd4bc
                0x00000000080001d0                . = ALIGN (0x4)
 *(.text)
 .text          0x00000000080001d0       0x40 c:/st/stm32cubeide_1.3.0/stm32cubeide/plugins/com.st.stm32cube.ide.mcu.externaltools.gnu-tools-for-stm32.7-2018-q2-update.win32_1.4.0.202007081208/tools/bin/../lib/gcc/arm-none-eabi/7.3.1/thumb/v7e-m/fpv4-sp/hard/crtbegin.o
 .text          0x0000000008000210       0xc0 ../libs\libarm_cortexM7lfdp_math.a(arm_bitreversal2.o)
                0x0000000008000210                arm_bitreversal_32
                0x000000000800027a                arm_bitreversal_16
 .text          0x00000000080002d0       0x10 c:/st/stm32cubeide_1.3.0/stm32cubeide/plugins/com.st.stm32cube.ide.mcu.externaltools.gnu-tools-for-stm32.7-2018-q2-update.win32_1.4.0.202007081208/tools/bin/../lib/gcc/arm-none-eabi/7.3.1/../../../../arm-none-eabi/lib/thumb/v7e-m/fpv4-sp/hard\libc_nano.a(lib_a-strlen.o)
                0x00000000080002d0                strlen
 .text          0x00000000080002e0       0xa0 c:/st/stm32cubeide_1.3.0/stm32cubeide/plugins/com.st.stm32cube.ide.mcu.externaltools.gnu-tools-for-stm32.7-2018-q2-update.win32_1.4.0.202007081208/tools/bin/../lib/gcc/arm-none-eabi/7.3.1/../../../../arm-none-eabi/lib/thumb/v7e-m/fpv4-sp/hard\libc_nano.a(lib_a-memchr.o)
                0x00000000080002e0                memchr
 .text          0x0000000008000380      0x378 c:/st/stm32cubeide_1.3.0/stm32cubeide/plugins/com.st.stm32cube.ide.mcu.externaltools.gnu-tools-for-stm32.7-2018-q2-update.win32_1.4.0.202007081208/tools/bin/../lib/gcc/arm-none-eabi/7.3.1/thumb/v7e-m/fpv4-sp/hard\libgcc.a(_arm_addsubdf3.o)
                0x0000000008000380                __aeabi_drsub
                0x0000000008000388                __aeabi_dsub
                0x0000000008000388                __subdf3
                0x000000000800038c                __aeabi_dadd
                0x000000000800038c                __adddf3
                0x0000000008000604                __floatunsidf
                0x0000000008000604                __aeabi_ui2d
                0x0000000008000624                __floatsidf
                0x0000000008000624                __aeabi_i2d
                0x0000000008000648                __aeabi_f2d
                0x0000000008000648                __extendsfdf2
                0x000000000800068c                __floatundidf
                0x000000000800068c                __aeabi_ul2d
                0x000000000800069c                __floatdidf
                0x000000000800069c                __aeabi_l2d
 .text          0x00000000080006f8      0x424 c:/st/stm32cubeide_1.3.0/stm32cubeide/plugins/com.st.stm32cube.ide.mcu.externaltools.gnu-tools-for-stm32.7-2018-q2-update.win32_1.4.0.202007081208/tools/bin/../lib/gcc/arm-none-eabi/7.3.1/thumb/v7e-m/fpv4-sp/hard\libgcc.a(_arm_muldivdf3.o)
                0x00000000080006f8                __aeabi_dmul
                0x00000000080006f8                __muldf3
                0x000000000800094c                __divdf3
                0x000000000800094c                __aeabi_ddiv
 .text          0x0000000008000b1c      0x110 c:/st/stm32cubeide_1.3.0/stm32cubeide/plugins/com.st.stm32cube.ide.mcu.externaltools.gnu-tools-for-stm32.7-2018-q2-update.win32_1.4.0.202007081208/tools/bin/../lib/gcc/arm-none-eabi/7.3.1/thumb/v7e-m/fpv4-sp/hard\libgcc.a(_arm_cmpdf2.o)
                0x0000000008000b1c                __gtdf2
                0x0000000008000b1c                __gedf2
                0x0000000008000b24                __ltdf2
                0x0000000008000b24                __ledf2
                0x0000000008000b2c                __nedf2
                0x0000000008000b2c                __eqdf2
                0x0000000008000b2c                __cmpdf2
                0x0000000008000ba8                __aeabi_cdrcmple
                0x0000000008000bb8                __aeabi_cdcmpeq
                0x0000000008000bb8                __aeabi_cdcmple
                0x0000000008000bc8                __aeabi_dcmpeq
                0x0000000008000bdc                __aeabi_dcmplt
                0x0000000008000bf0                __aeabi_dcmple
                0x0000000008000c04                __aeabi_dcmpge
                0x0000000008000c18                __aeabi_dcmpgt
 .text          0x0000000008000c2c       0x2c c:/st/stm32cubeide_1.3.0/stm32cubeide/plugins/com.st.stm32cube.ide.mcu.externaltools.gnu-tools-for-stm32.7-2018-q2-update.win32_1.4.0.202007081208/tools/bin/../lib/gcc/arm-none-eabi/7.3.1/thumb/v7e-m/fpv4-sp/hard\libgcc.a(_arm_unorddf2.o)
                0x0000000008000c2c                __unorddf2
                0x0000000008000c2c                __aeabi_dcmpun
 .text          0x0000000008000c58       0x50 c:/st/stm32cubeide_1.3.0/stm32cubeide/plugins/com.st.stm32cube.ide.mcu.externaltools.gnu-tools-for-stm32.7-2018-q2-update.win32_1.4.0.202007081208/tools/bin/../lib/gcc/arm-none-eabi/7.3.1/thumb/v7e-m/fpv4-sp/hard\libgcc.a(_arm_fixdfsi.o)
                0x0000000008000c58                __aeabi_d2iz
                0x0000000008000c58                __fixdfsi
 .text          0x0000000008000ca8       0x40 c:/st/stm32cubeide_1.3.0/stm32cubeide/plugins/com.st.stm32cube.ide.mcu.externaltools.gnu-tools-for-stm32.7-2018-q2-update.win32_1.4.0.202007081208/tools/bin/../lib/gcc/arm-none-eabi/7.3.1/thumb/v7e-m/fpv4-sp/hard\libgcc.a(_arm_fixunsdfsi.o)
                0x0000000008000ca8                __aeabi_d2uiz
                0x0000000008000ca8                __fixunsdfsi
 .text          0x0000000008000ce8       0xa0 c:/st/stm32cubeide_1.3.0/stm32cubeide/plugins/com.st.stm32cube.ide.mcu.externaltools.gnu-tools-for-stm32.7-2018-q2-update.win32_1.4.0.202007081208/tools/bin/../lib/gcc/arm-none-eabi/7.3.1/thumb/v7e-m/fpv4-sp/hard\libgcc.a(_arm_truncdfsf2.o)
                0x0000000008000ce8                __truncdfsf2
                0x0000000008000ce8                __aeabi_d2f
 .text          0x0000000008000d88       0x30 c:/st/stm32cubeide_1.3.0/stm32cubeide/plugins/com.st.stm32cube.ide.mcu.externaltools.gnu-tools-for-stm32.7-2018-q2-update.win32_1.4.0.202007081208/tools/bin/../lib/gcc/arm-none-eabi/7.3.1/thumb/v7e-m/fpv4-sp/hard\libgcc.a(_aeabi_uldivmod.o)
                0x0000000008000d88                __aeabi_uldivmod
 .text          0x0000000008000db8      0x2cc c:/st/stm32cubeide_1.3.0/stm32cubeide/plugins/com.st.stm32cube.ide.mcu.externaltools.gnu-tools-for-stm32.7-2018-q2-update.win32_1.4.0.202007081208/tools/bin/../lib/gcc/arm-none-eabi/7.3.1/thumb/v7e-m/fpv4-sp/hard\libgcc.a(_udivmoddi4.o)
                0x0000000008000db8                __udivmoddi4
 .text          0x0000000008001084        0x4 c:/st/stm32cubeide_1.3.0/stm32cubeide/plugins/com.st.stm32cube.ide.mcu.externaltools.gnu-tools-for-stm32.7-2018-q2-update.win32_1.4.0.202007081208/tools/bin/../lib/gcc/arm-none-eabi/7.3.1/thumb/v7e-m/fpv4-sp/hard\libgcc.a(_dvmd_tls.o)
                0x0000000008001084                __aeabi_idiv0
                0x0000000008001084                __aeabi_ldiv0
 *(.text*)
 .text.goToOutput
                0x0000000008001088       0x48 Core/Src/DHT.o
 .text.goToInput
                0x00000000080010d0       0x38 Core/Src/DHT.o
 .text.DHT_getData
                0x0000000008001108      0x26c Core/Src/DHT.o
                0x0000000008001108                DHT_getData
 .text.BH1750_Init
                0x0000000008001374       0x58 Core/Src/bh1750.o
                0x0000000008001374                BH1750_Init
 .text.BH1750_Cmd_Write
                0x00000000080013cc       0x44 Core/Src/bh1750.o
                0x00000000080013cc                BH1750_Cmd_Write
 .text.BH1750_Start
                0x0000000008001410       0x24 Core/Src/bh1750.o
                0x0000000008001410                BH1750_Start
 .text.BH1750_Read
                0x0000000008001434       0x88 Core/Src/bh1750.o
                0x0000000008001434                BH1750_Read
 .text.esp8266_write_bytes
                0x00000000080014bc       0x28 Core/Src/esp8266_communication.o
 .text.esp8266_send_value
                0x00000000080014e4       0x6c Core/Src/esp8266_communication.o
                0x00000000080014e4                esp8266_send_value
 .text.SCB_EnableICache
                0x0000000008001550       0x40 Core/Src/main.o
 .text.SCB_EnableDCache
                0x0000000008001590       0x80 Core/Src/main.o
 .text.main     0x0000000008001610      0x170 Core/Src/main.o
                0x0000000008001610                main
 .text.SystemClock_Config
                0x0000000008001780      0x134 Core/Src/main.o
                0x0000000008001780                SystemClock_Config
 .text.MX_ADC3_Init
                0x00000000080018b4       0xa4 Core/Src/main.o
 .text.MX_CRC_Init
                0x0000000008001958       0x44 Core/Src/main.o
 .text.MX_I2C1_Init
                0x000000000800199c       0x80 Core/Src/main.o
 .text.MX_UART4_Init
                0x0000000008001a1c       0x60 Core/Src/main.o
 .text.MX_UART7_Init
                0x0000000008001a7c       0x60 Core/Src/main.o
 .text.MX_USART1_UART_Init
                0x0000000008001adc       0x60 Core/Src/main.o
 .text.MX_USART6_UART_Init
                0x0000000008001b3c       0x60 Core/Src/main.o
 .text.MX_DMA_Init
                0x0000000008001b9c       0x3c Core/Src/main.o
 .text.MX_GPIO_Init
                0x0000000008001bd8       0x78 Core/Src/main.o
 .text.Sort_ADC_buffer
                0x0000000008001c50       0x7c Core/Src/main.o
                0x0000000008001c50                Sort_ADC_buffer
 *fill*         0x0000000008001ccc        0x4 
 .text.Mel_array
                0x0000000008001cd0       0xe0 Core/Src/main.o
                0x0000000008001cd0                Mel_array
 .text.Find_max_output_ind
                0x0000000008001db0       0x7c Core/Src/main.o
                0x0000000008001db0                Find_max_output_ind
 *fill*         0x0000000008001e2c        0x4 
 .text.Send_Activities_to_NEXTION
                0x0000000008001e30      0x13c Core/Src/main.o
                0x0000000008001e30                Send_Activities_to_NEXTION
 .text.Send_Sensor_to_NEXTION
                0x0000000008001f6c       0x98 Core/Src/main.o
                0x0000000008001f6c                Send_Sensor_to_NEXTION
 .text.NEXTION_Send
                0x0000000008002004       0x50 Core/Src/main.o
                0x0000000008002004                NEXTION_Send
 .text.Preprocessing_Init
                0x0000000008002054       0x8c Core/Src/main.o
 .text.PowerTodB
                0x00000000080020e0      0x118 Core/Src/main.o
 .text.Error_Handler
                0x00000000080021f8        0xe Core/Src/main.o
                0x00000000080021f8                Error_Handler
 *fill*         0x0000000008002206        0x2 
 .text.PMS5003_ReceiveStart_IT
                0x0000000008002208       0x20 Core/Src/pms5003.o
                0x0000000008002208                PMS5003_ReceiveStart_IT
 .text.PMS5003_ReceiveData_IT
                0x0000000008002228      0x114 Core/Src/pms5003.o
                0x0000000008002228                PMS5003_ReceiveData_IT
 .text.HAL_MspInit
                0x000000000800233c       0x48 Core/Src/stm32f7xx_hal_msp.o
                0x000000000800233c                HAL_MspInit
 .text.HAL_ADC_MspInit
                0x0000000008002384       0xec Core/Src/stm32f7xx_hal_msp.o
                0x0000000008002384                HAL_ADC_MspInit
 .text.HAL_CRC_MspInit
                0x0000000008002470       0x40 Core/Src/stm32f7xx_hal_msp.o
                0x0000000008002470                HAL_CRC_MspInit
 .text.HAL_I2C_MspInit
                0x00000000080024b0       0x88 Core/Src/stm32f7xx_hal_msp.o
                0x00000000080024b0                HAL_I2C_MspInit
 .text.HAL_UART_MspInit
                0x0000000008002538      0x248 Core/Src/stm32f7xx_hal_msp.o
                0x0000000008002538                HAL_UART_MspInit
 .text.NMI_Handler
                0x0000000008002780        0xe Core/Src/stm32f7xx_it.o
                0x0000000008002780                NMI_Handler
 .text.HardFault_Handler
                0x000000000800278e        0x6 Core/Src/stm32f7xx_it.o
                0x000000000800278e                HardFault_Handler
 .text.MemManage_Handler
                0x0000000008002794        0x6 Core/Src/stm32f7xx_it.o
                0x0000000008002794                MemManage_Handler
 .text.BusFault_Handler
                0x000000000800279a        0x6 Core/Src/stm32f7xx_it.o
                0x000000000800279a                BusFault_Handler
 .text.UsageFault_Handler
                0x00000000080027a0        0x6 Core/Src/stm32f7xx_it.o
                0x00000000080027a0                UsageFault_Handler
 .text.SVC_Handler
                0x00000000080027a6        0xe Core/Src/stm32f7xx_it.o
                0x00000000080027a6                SVC_Handler
 .text.DebugMon_Handler
                0x00000000080027b4        0xe Core/Src/stm32f7xx_it.o
                0x00000000080027b4                DebugMon_Handler
 .text.PendSV_Handler
                0x00000000080027c2        0xe Core/Src/stm32f7xx_it.o
                0x00000000080027c2                PendSV_Handler
 .text.SysTick_Handler
                0x00000000080027d0        0xc Core/Src/stm32f7xx_it.o
                0x00000000080027d0                SysTick_Handler
 .text.DMA2_Stream0_IRQHandler
                0x00000000080027dc       0x14 Core/Src/stm32f7xx_it.o
                0x00000000080027dc                DMA2_Stream0_IRQHandler
 .text.USART6_IRQHandler
                0x00000000080027f0       0x14 Core/Src/stm32f7xx_it.o
                0x00000000080027f0                USART6_IRQHandler
 .text.UART7_IRQHandler
                0x0000000008002804       0x14 Core/Src/stm32f7xx_it.o
                0x0000000008002804                UART7_IRQHandler
 .text._sbrk    0x0000000008002818       0x6c Core/Src/sysmem.o
                0x0000000008002818                _sbrk
 .text.SystemInit
                0x0000000008002884       0x2c Core/Src/system_stm32f7xx.o
                0x0000000008002884                SystemInit
 .text.Reset_Handler
                0x00000000080028b0       0x50 Core/Startup/startup_stm32f746nghx.o
                0x00000000080028b0                Reset_Handler
 .text.Default_Handler
                0x0000000008002900        0x2 Core/Startup/startup_stm32f746nghx.o
                0x0000000008002900                RTC_Alarm_IRQHandler
                0x0000000008002900                EXTI2_IRQHandler
                0x0000000008002900                TIM8_CC_IRQHandler
                0x0000000008002900                UART8_IRQHandler
                0x0000000008002900                SPI4_IRQHandler
                0x0000000008002900                TIM1_CC_IRQHandler
                0x0000000008002900                DMA2_Stream5_IRQHandler
                0x0000000008002900                DMA1_Stream5_IRQHandler
                0x0000000008002900                PVD_IRQHandler
                0x0000000008002900                TAMP_STAMP_IRQHandler
                0x0000000008002900                CAN2_RX1_IRQHandler
                0x0000000008002900                EXTI3_IRQHandler
                0x0000000008002900                TIM8_TRG_COM_TIM14_IRQHandler
                0x0000000008002900                TIM1_UP_TIM10_IRQHandler
                0x0000000008002900                TIM8_UP_TIM13_IRQHandler
                0x0000000008002900                I2C3_ER_IRQHandler
                0x0000000008002900                EXTI0_IRQHandler
                0x0000000008002900                I2C2_EV_IRQHandler
                0x0000000008002900                DMA1_Stream2_IRQHandler
                0x0000000008002900                CAN1_RX0_IRQHandler
                0x0000000008002900                FPU_IRQHandler
                0x0000000008002900                OTG_HS_WKUP_IRQHandler
                0x0000000008002900                LTDC_ER_IRQHandler
                0x0000000008002900                CAN2_SCE_IRQHandler
                0x0000000008002900                DMA2_Stream2_IRQHandler
                0x0000000008002900                SPI1_IRQHandler
                0x0000000008002900                TIM6_DAC_IRQHandler
                0x0000000008002900                TIM1_BRK_TIM9_IRQHandler
                0x0000000008002900                DCMI_IRQHandler
                0x0000000008002900                CAN2_RX0_IRQHandler
                0x0000000008002900                DMA2_Stream3_IRQHandler
                0x0000000008002900                SAI2_IRQHandler
                0x0000000008002900                USART3_IRQHandler
                0x0000000008002900                CAN1_RX1_IRQHandler
                0x0000000008002900                UART5_IRQHandler
                0x0000000008002900                TIM4_IRQHandler
                0x0000000008002900                QUADSPI_IRQHandler
                0x0000000008002900                I2C1_EV_IRQHandler
                0x0000000008002900                DMA1_Stream6_IRQHandler
                0x0000000008002900                DMA1_Stream1_IRQHandler
                0x0000000008002900                UART4_IRQHandler
                0x0000000008002900                TIM3_IRQHandler
                0x0000000008002900                RCC_IRQHandler
                0x0000000008002900                TIM8_BRK_TIM12_IRQHandler
                0x0000000008002900                Default_Handler
                0x0000000008002900                CEC_IRQHandler
                0x0000000008002900                EXTI15_10_IRQHandler
                0x0000000008002900                ADC_IRQHandler
                0x0000000008002900                DMA1_Stream7_IRQHandler
                0x0000000008002900                SPI5_IRQHandler
                0x0000000008002900                TIM7_IRQHandler
                0x0000000008002900                SDMMC1_IRQHandler
                0x0000000008002900                CAN2_TX_IRQHandler
                0x0000000008002900                TIM5_IRQHandler
                0x0000000008002900                DMA2_Stream7_IRQHandler
                0x0000000008002900                I2C3_EV_IRQHandler
                0x0000000008002900                EXTI9_5_IRQHandler
                0x0000000008002900                RTC_WKUP_IRQHandler
                0x0000000008002900                LTDC_IRQHandler
                0x0000000008002900                ETH_WKUP_IRQHandler
                0x0000000008002900                SPDIF_RX_IRQHandler
                0x0000000008002900                SPI2_IRQHandler
                0x0000000008002900                OTG_HS_EP1_IN_IRQHandler
                0x0000000008002900                DMA1_Stream0_IRQHandler
                0x0000000008002900                CAN1_TX_IRQHandler
                0x0000000008002900                EXTI4_IRQHandler
                0x0000000008002900                RNG_IRQHandler
                0x0000000008002900                ETH_IRQHandler
                0x0000000008002900                OTG_HS_EP1_OUT_IRQHandler
                0x0000000008002900                WWDG_IRQHandler
                0x0000000008002900                SPI6_IRQHandler
                0x0000000008002900                I2C4_EV_IRQHandler
                0x0000000008002900                TIM2_IRQHandler
                0x0000000008002900                OTG_FS_WKUP_IRQHandler
                0x0000000008002900                TIM1_TRG_COM_TIM11_IRQHandler
                0x0000000008002900                OTG_HS_IRQHandler
                0x0000000008002900                DMA2D_IRQHandler
                0x0000000008002900                EXTI1_IRQHandler
                0x0000000008002900                USART2_IRQHandler
                0x0000000008002900                I2C2_ER_IRQHandler
                0x0000000008002900                DMA2_Stream1_IRQHandler
                0x0000000008002900                CAN1_SCE_IRQHandler
                0x0000000008002900                FLASH_IRQHandler
                0x0000000008002900                DMA2_Stream4_IRQHandler
                0x0000000008002900                USART1_IRQHandler
                0x0000000008002900                OTG_FS_IRQHandler
                0x0000000008002900                SPI3_IRQHandler
                0x0000000008002900                DMA1_Stream4_IRQHandler
                0x0000000008002900                I2C1_ER_IRQHandler
                0x0000000008002900                FMC_IRQHandler
                0x0000000008002900                LPTIM1_IRQHandler
                0x0000000008002900                I2C4_ER_IRQHandler
                0x0000000008002900                DMA2_Stream6_IRQHandler
                0x0000000008002900                SAI1_IRQHandler
                0x0000000008002900                DMA1_Stream3_IRQHandler
 .text.HAL_Init
                0x0000000008002902       0x1a Drivers/STM32F7xx_HAL_Driver/Src/stm32f7xx_hal.o
                0x0000000008002902                HAL_Init
 .text.HAL_InitTick
                0x000000000800291c       0x60 Drivers/STM32F7xx_HAL_Driver/Src/stm32f7xx_hal.o
                0x000000000800291c                HAL_InitTick
 .text.HAL_IncTick
                0x000000000800297c       0x28 Drivers/STM32F7xx_HAL_Driver/Src/stm32f7xx_hal.o
                0x000000000800297c                HAL_IncTick
 .text.HAL_GetTick
                0x00000000080029a4       0x18 Drivers/STM32F7xx_HAL_Driver/Src/stm32f7xx_hal.o
                0x00000000080029a4                HAL_GetTick
 .text.HAL_Delay
                0x00000000080029bc       0x44 Drivers/STM32F7xx_HAL_Driver/Src/stm32f7xx_hal.o
                0x00000000080029bc                HAL_Delay
 .text.HAL_ADC_Init
                0x0000000008002a00       0x88 Drivers/STM32F7xx_HAL_Driver/Src/stm32f7xx_hal_adc.o
                0x0000000008002a00                HAL_ADC_Init
 .text.HAL_ADC_Start_DMA
                0x0000000008002a88      0x1dc Drivers/STM32F7xx_HAL_Driver/Src/stm32f7xx_hal_adc.o
                0x0000000008002a88                HAL_ADC_Start_DMA
 .text.HAL_ADC_ConvCpltCallback
                0x0000000008002c64       0x14 Drivers/STM32F7xx_HAL_Driver/Src/stm32f7xx_hal_adc.o
                0x0000000008002c64                HAL_ADC_ConvCpltCallback
 .text.HAL_ADC_ConvHalfCpltCallback
                0x0000000008002c78       0x14 Drivers/STM32F7xx_HAL_Driver/Src/stm32f7xx_hal_adc.o
                0x0000000008002c78                HAL_ADC_ConvHalfCpltCallback
 .text.HAL_ADC_ErrorCallback
                0x0000000008002c8c       0x14 Drivers/STM32F7xx_HAL_Driver/Src/stm32f7xx_hal_adc.o
                0x0000000008002c8c                HAL_ADC_ErrorCallback
 .text.HAL_ADC_ConfigChannel
                0x0000000008002ca0      0x294 Drivers/STM32F7xx_HAL_Driver/Src/stm32f7xx_hal_adc.o
                0x0000000008002ca0                HAL_ADC_ConfigChannel
 .text.ADC_Init
                0x0000000008002f34      0x1f4 Drivers/STM32F7xx_HAL_Driver/Src/stm32f7xx_hal_adc.o
 .text.ADC_DMAConvCplt
                0x0000000008003128       0xba Drivers/STM32F7xx_HAL_Driver/Src/stm32f7xx_hal_adc.o
 .text.ADC_DMAHalfConvCplt
                0x00000000080031e2       0x1c Drivers/STM32F7xx_HAL_Driver/Src/stm32f7xx_hal_adc.o
 .text.ADC_DMAError
                0x00000000080031fe       0x2e Drivers/STM32F7xx_HAL_Driver/Src/stm32f7xx_hal_adc.o
 .text.__NVIC_SetPriorityGrouping
                0x000000000800322c       0x48 Drivers/STM32F7xx_HAL_Driver/Src/stm32f7xx_hal_cortex.o
 .text.__NVIC_GetPriorityGrouping
                0x0000000008003274       0x1c Drivers/STM32F7xx_HAL_Driver/Src/stm32f7xx_hal_cortex.o
 .text.__NVIC_EnableIRQ
                0x0000000008003290       0x3c Drivers/STM32F7xx_HAL_Driver/Src/stm32f7xx_hal_cortex.o
 .text.__NVIC_SetPriority
                0x00000000080032cc       0x54 Drivers/STM32F7xx_HAL_Driver/Src/stm32f7xx_hal_cortex.o
 .text.NVIC_EncodePriority
                0x0000000008003320       0x66 Drivers/STM32F7xx_HAL_Driver/Src/stm32f7xx_hal_cortex.o
 *fill*         0x0000000008003386        0x2 
 .text.SysTick_Config
                0x0000000008003388       0x44 Drivers/STM32F7xx_HAL_Driver/Src/stm32f7xx_hal_cortex.o
 .text.HAL_NVIC_SetPriorityGrouping
                0x00000000080033cc       0x16 Drivers/STM32F7xx_HAL_Driver/Src/stm32f7xx_hal_cortex.o
                0x00000000080033cc                HAL_NVIC_SetPriorityGrouping
 .text.HAL_NVIC_SetPriority
                0x00000000080033e2       0x38 Drivers/STM32F7xx_HAL_Driver/Src/stm32f7xx_hal_cortex.o
                0x00000000080033e2                HAL_NVIC_SetPriority
 .text.HAL_NVIC_EnableIRQ
                0x000000000800341a       0x1c Drivers/STM32F7xx_HAL_Driver/Src/stm32f7xx_hal_cortex.o
                0x000000000800341a                HAL_NVIC_EnableIRQ
 .text.HAL_SYSTICK_Config
                0x0000000008003436       0x18 Drivers/STM32F7xx_HAL_Driver/Src/stm32f7xx_hal_cortex.o
                0x0000000008003436                HAL_SYSTICK_Config
 *fill*         0x000000000800344e        0x2 
 .text.HAL_CRC_Init
                0x0000000008003450       0xc8 Drivers/STM32F7xx_HAL_Driver/Src/stm32f7xx_hal_crc.o
                0x0000000008003450                HAL_CRC_Init
 .text.HAL_CRCEx_Polynomial_Set
                0x0000000008003518      0x10c Drivers/STM32F7xx_HAL_Driver/Src/stm32f7xx_hal_crc_ex.o
                0x0000000008003518                HAL_CRCEx_Polynomial_Set
 .text.HAL_DMA_Init
                0x0000000008003624      0x15c Drivers/STM32F7xx_HAL_Driver/Src/stm32f7xx_hal_dma.o
                0x0000000008003624                HAL_DMA_Init
 .text.HAL_DMA_Start_IT
                0x0000000008003780       0xc0 Drivers/STM32F7xx_HAL_Driver/Src/stm32f7xx_hal_dma.o
                0x0000000008003780                HAL_DMA_Start_IT
 .text.HAL_DMA_Abort_IT
                0x0000000008003840       0x44 Drivers/STM32F7xx_HAL_Driver/Src/stm32f7xx_hal_dma.o
                0x0000000008003840                HAL_DMA_Abort_IT
 .text.HAL_DMA_IRQHandler
                0x0000000008003884      0x314 Drivers/STM32F7xx_HAL_Driver/Src/stm32f7xx_hal_dma.o
                0x0000000008003884                HAL_DMA_IRQHandler
 .text.DMA_SetConfig
                0x0000000008003b98       0x5c Drivers/STM32F7xx_HAL_Driver/Src/stm32f7xx_hal_dma.o
 .text.DMA_CalcBaseAndBitshift
                0x0000000008003bf4       0x6c Drivers/STM32F7xx_HAL_Driver/Src/stm32f7xx_hal_dma.o
 .text.DMA_CheckFifoParam
                0x0000000008003c60       0xf4 Drivers/STM32F7xx_HAL_Driver/Src/stm32f7xx_hal_dma.o
 .text.HAL_GPIO_Init
                0x0000000008003d54      0x354 Drivers/STM32F7xx_HAL_Driver/Src/stm32f7xx_hal_gpio.o
                0x0000000008003d54                HAL_GPIO_Init
 .text.HAL_GPIO_ReadPin
                0x00000000080040a8       0x30 Drivers/STM32F7xx_HAL_Driver/Src/stm32f7xx_hal_gpio.o
                0x00000000080040a8                HAL_GPIO_ReadPin
 .text.HAL_GPIO_WritePin
                0x00000000080040d8       0x32 Drivers/STM32F7xx_HAL_Driver/Src/stm32f7xx_hal_gpio.o
                0x00000000080040d8                HAL_GPIO_WritePin
 *fill*         0x000000000800410a        0x2 
 .text.HAL_I2C_Init
                0x000000000800410c      0x120 Drivers/STM32F7xx_HAL_Driver/Src/stm32f7xx_hal_i2c.o
                0x000000000800410c                HAL_I2C_Init
 .text.HAL_I2C_Master_Transmit
                0x000000000800422c      0x1e8 Drivers/STM32F7xx_HAL_Driver/Src/stm32f7xx_hal_i2c.o
                0x000000000800422c                HAL_I2C_Master_Transmit
 .text.HAL_I2C_Master_Receive
                0x0000000008004414      0x1ec Drivers/STM32F7xx_HAL_Driver/Src/stm32f7xx_hal_i2c.o
                0x0000000008004414                HAL_I2C_Master_Receive
 .text.I2C_Flush_TXDR
                0x0000000008004600       0x48 Drivers/STM32F7xx_HAL_Driver/Src/stm32f7xx_hal_i2c.o
 .text.I2C_WaitOnFlagUntilTimeout
                0x0000000008004648       0x80 Drivers/STM32F7xx_HAL_Driver/Src/stm32f7xx_hal_i2c.o
 .text.I2C_WaitOnTXISFlagUntilTimeout
                0x00000000080046c8       0x80 Drivers/STM32F7xx_HAL_Driver/Src/stm32f7xx_hal_i2c.o
 .text.I2C_WaitOnSTOPFlagUntilTimeout
                0x0000000008004748       0x78 Drivers/STM32F7xx_HAL_Driver/Src/stm32f7xx_hal_i2c.o
 .text.I2C_WaitOnRXNEFlagUntilTimeout
                0x00000000080047c0       0xd8 Drivers/STM32F7xx_HAL_Driver/Src/stm32f7xx_hal_i2c.o
 .text.I2C_IsAcknowledgeFailed
                0x0000000008004898       0xcc Drivers/STM32F7xx_HAL_Driver/Src/stm32f7xx_hal_i2c.o
 .text.I2C_TransferConfig
                0x0000000008004964       0x5c Drivers/STM32F7xx_HAL_Driver/Src/stm32f7xx_hal_i2c.o
 .text.HAL_I2CEx_ConfigAnalogFilter
                0x00000000080049c0       0x96 Drivers/STM32F7xx_HAL_Driver/Src/stm32f7xx_hal_i2c_ex.o
                0x00000000080049c0                HAL_I2CEx_ConfigAnalogFilter
 .text.HAL_I2CEx_ConfigDigitalFilter
                0x0000000008004a56       0x98 Drivers/STM32F7xx_HAL_Driver/Src/stm32f7xx_hal_i2c_ex.o
                0x0000000008004a56                HAL_I2CEx_ConfigDigitalFilter
 *fill*         0x0000000008004aee        0x2 
 .text.HAL_PWREx_EnableOverDrive
                0x0000000008004af0       0xa0 Drivers/STM32F7xx_HAL_Driver/Src/stm32f7xx_hal_pwr_ex.o
                0x0000000008004af0                HAL_PWREx_EnableOverDrive
 .text.HAL_RCC_OscConfig
                0x0000000008004b90      0x548 Drivers/STM32F7xx_HAL_Driver/Src/stm32f7xx_hal_rcc.o
                0x0000000008004b90                HAL_RCC_OscConfig
 .text.HAL_RCC_ClockConfig
                0x00000000080050d8      0x1d8 Drivers/STM32F7xx_HAL_Driver/Src/stm32f7xx_hal_rcc.o
                0x00000000080050d8                HAL_RCC_ClockConfig
 .text.HAL_RCC_GetSysClockFreq
                0x00000000080052b0      0x164 Drivers/STM32F7xx_HAL_Driver/Src/stm32f7xx_hal_rcc.o
                0x00000000080052b0                HAL_RCC_GetSysClockFreq
 .text.HAL_RCC_GetHCLKFreq
                0x0000000008005414       0x18 Drivers/STM32F7xx_HAL_Driver/Src/stm32f7xx_hal_rcc.o
                0x0000000008005414                HAL_RCC_GetHCLKFreq
 .text.HAL_RCC_GetPCLK1Freq
                0x000000000800542c       0x28 Drivers/STM32F7xx_HAL_Driver/Src/stm32f7xx_hal_rcc.o
                0x000000000800542c                HAL_RCC_GetPCLK1Freq
 .text.HAL_RCC_GetPCLK2Freq
                0x0000000008005454       0x28 Drivers/STM32F7xx_HAL_Driver/Src/stm32f7xx_hal_rcc.o
                0x0000000008005454                HAL_RCC_GetPCLK2Freq
 .text.HAL_RCCEx_PeriphCLKConfig
                0x000000000800547c      0x7dc Drivers/STM32F7xx_HAL_Driver/Src/stm32f7xx_hal_rcc_ex.o
                0x000000000800547c                HAL_RCCEx_PeriphCLKConfig
 .text.HAL_UART_Init
                0x0000000008005c58       0x9c Drivers/STM32F7xx_HAL_Driver/Src/stm32f7xx_hal_uart.o
                0x0000000008005c58                HAL_UART_Init
 .text.HAL_UART_Transmit
                0x0000000008005cf4      0x122 Drivers/STM32F7xx_HAL_Driver/Src/stm32f7xx_hal_uart.o
                0x0000000008005cf4                HAL_UART_Transmit
 *fill*         0x0000000008005e16        0x2 
 .text.HAL_UART_Receive_IT
                0x0000000008005e18      0x144 Drivers/STM32F7xx_HAL_Driver/Src/stm32f7xx_hal_uart.o
                0x0000000008005e18                HAL_UART_Receive_IT
 .text.HAL_UART_IRQHandler
                0x0000000008005f5c      0x264 Drivers/STM32F7xx_HAL_Driver/Src/stm32f7xx_hal_uart.o
                0x0000000008005f5c                HAL_UART_IRQHandler
 .text.HAL_UART_TxCpltCallback
                0x00000000080061c0       0x14 Drivers/STM32F7xx_HAL_Driver/Src/stm32f7xx_hal_uart.o
                0x00000000080061c0                HAL_UART_TxCpltCallback
 .text.HAL_UART_RxCpltCallback
                0x00000000080061d4       0x14 Drivers/STM32F7xx_HAL_Driver/Src/stm32f7xx_hal_uart.o
                0x00000000080061d4                HAL_UART_RxCpltCallback
 .text.HAL_UART_ErrorCallback
                0x00000000080061e8       0x14 Drivers/STM32F7xx_HAL_Driver/Src/stm32f7xx_hal_uart.o
                0x00000000080061e8                HAL_UART_ErrorCallback
 .text.UART_SetConfig
                0x00000000080061fc      0x554 Drivers/STM32F7xx_HAL_Driver/Src/stm32f7xx_hal_uart.o
                0x00000000080061fc                UART_SetConfig
 .text.UART_AdvFeatureConfig
                0x0000000008006750      0x144 Drivers/STM32F7xx_HAL_Driver/Src/stm32f7xx_hal_uart.o
                0x0000000008006750                UART_AdvFeatureConfig
 .text.UART_CheckIdleState
                0x0000000008006894       0x5e Drivers/STM32F7xx_HAL_Driver/Src/stm32f7xx_hal_uart.o
                0x0000000008006894                UART_CheckIdleState
 .text.UART_WaitOnFlagUntilTimeout
                0x00000000080068f2       0xf6 Drivers/STM32F7xx_HAL_Driver/Src/stm32f7xx_hal_uart.o
                0x00000000080068f2                UART_WaitOnFlagUntilTimeout
 .text.UART_EndRxTransfer
                0x00000000080069e8       0x40 Drivers/STM32F7xx_HAL_Driver/Src/stm32f7xx_hal_uart.o
 .text.UART_DMAAbortOnError
                0x0000000008006a28       0x2c Drivers/STM32F7xx_HAL_Driver/Src/stm32f7xx_hal_uart.o
 .text.UART_EndTransmit_IT
                0x0000000008006a54       0x32 Drivers/STM32F7xx_HAL_Driver/Src/stm32f7xx_hal_uart.o
 .text.UART_RxISR_8BIT
                0x0000000008006a86       0xa6 Drivers/STM32F7xx_HAL_Driver/Src/stm32f7xx_hal_uart.o
 .text.UART_RxISR_16BIT
                0x0000000008006b2c       0xa6 Drivers/STM32F7xx_HAL_Driver/Src/stm32f7xx_hal_uart.o
 .text.SpectrogramColumn
                0x0000000008006bd2      0x10e Drivers/STM32_AI_AudioPreprocessing_Library/Src/feature_extraction.o
                0x0000000008006bd2                SpectrogramColumn
 .text.MelSpectrogramColumn
                0x0000000008006ce0       0x38 Drivers/STM32_AI_AudioPreprocessing_Library/Src/feature_extraction.o
                0x0000000008006ce0                MelSpectrogramColumn
 .text.MelFilterbank
                0x0000000008006d18       0xa8 Drivers/STM32_AI_AudioPreprocessing_Library/Src/mel_filterbank.o
                0x0000000008006d18                MelFilterbank
 .text.aiInit   0x0000000008006dc0       0xbc X-CUBE-AI/App/app_x-cube-ai.o
                0x0000000008006dc0                aiInit
 .text.aiRun    0x0000000008006e7c       0x80 X-CUBE-AI/App/app_x-cube-ai.o
                0x0000000008006e7c                aiRun
 .text.MX_X_CUBE_AI_Init
                0x0000000008006efc       0x14 X-CUBE-AI/App/app_x-cube-ai.o
                0x0000000008006efc                MX_X_CUBE_AI_Init
 .text.network_configure_activations
                0x0000000008006f10       0xf0 X-CUBE-AI/App/network.o
 .text.network_configure_weights
                0x0000000008007000      0x22c X-CUBE-AI/App/network.o
 .text.ai_network_get_error
                0x000000000800722c       0x18 X-CUBE-AI/App/network.o
                0x000000000800722c                ai_network_get_error
 .text.ai_network_create
                0x0000000008007244       0x2c X-CUBE-AI/App/network.o
                0x0000000008007244                ai_network_create
 .text.ai_network_destroy
                0x0000000008007270       0x18 X-CUBE-AI/App/network.o
                0x0000000008007270                ai_network_destroy
 .text.ai_network_init
                0x0000000008007288       0x7e X-CUBE-AI/App/network.o
                0x0000000008007288                ai_network_init
 .text.ai_network_run
                0x0000000008007306       0x20 X-CUBE-AI/App/network.o
                0x0000000008007306                ai_network_run
 *fill*         0x0000000008007326        0x2 
 .text.ai_network_data_weights_get
                0x0000000008007328       0x14 X-CUBE-AI/App/network_data.o
                0x0000000008007328                ai_network_data_weights_get
 .text.arm_rfft_fast_init_f32
                0x000000000800733c      0x164 ../libs\libarm_cortexM7lfdp_math.a(arm_rfft_fast_init_f32.o)
                0x000000000800733c                arm_rfft_fast_init_f32
 .text.arm_rfft_fast_f32
                0x00000000080074a0      0x188 ../libs\libarm_cortexM7lfdp_math.a(arm_rfft_fast_f32.o)
                0x00000000080074a0                arm_rfft_fast_f32
 .text.arm_cfft_radix8by2_f32
                0x0000000008007628      0x1a4 ../libs\libarm_cortexM7lfdp_math.a(arm_cfft_f32.o)
                0x0000000008007628                arm_cfft_radix8by2_f32
 .text.arm_cfft_radix8by4_f32
                0x00000000080077cc      0x4b0 ../libs\libarm_cortexM7lfdp_math.a(arm_cfft_f32.o)
                0x00000000080077cc                arm_cfft_radix8by4_f32
 .text.arm_cfft_f32
                0x0000000008007c7c       0xf0 ../libs\libarm_cortexM7lfdp_math.a(arm_cfft_f32.o)
                0x0000000008007c7c                arm_cfft_f32
 .text.arm_cmplx_mag_squared_f32
                0x0000000008007d6c       0xb0 ../libs\libarm_cortexM7lfdp_math.a(arm_cmplx_mag_squared_f32.o)
                0x0000000008007d6c                arm_cmplx_mag_squared_f32
 .text.arm_mult_f32
                0x0000000008007e1c       0x8c ../libs\libarm_cortexM7lfdp_math.a(arm_mult_f32.o)
                0x0000000008007e1c                arm_mult_f32
 .text.arm_radix8_butterfly_f32
                0x0000000008007ea8      0x5c0 ../libs\libarm_cortexM7lfdp_math.a(arm_cfft_radix8_f32.o)
                0x0000000008007ea8                arm_radix8_butterfly_f32
 .text.ai_platform_network_get_error
                0x0000000008008468      0x11c ../Middlewares/ST/AI/Lib\NetworkRuntime512_CM7_GCC.a(ai_platform_interface.o)
                0x0000000008008468                ai_platform_network_get_error
 .text.ai_platform_network_create
                0x0000000008008584      0x108 ../Middlewares/ST/AI/Lib\NetworkRuntime512_CM7_GCC.a(ai_platform_interface.o)
                0x0000000008008584                ai_platform_network_create
 .text.ai_platform_network_destroy
                0x000000000800868c      0x114 ../Middlewares/ST/AI/Lib\NetworkRuntime512_CM7_GCC.a(ai_platform_interface.o)
                0x000000000800868c                ai_platform_network_destroy
 .text.ai_platform_network_init
                0x00000000080087a0      0x1d0 ../Middlewares/ST/AI/Lib\NetworkRuntime512_CM7_GCC.a(ai_platform_interface.o)
                0x00000000080087a0                ai_platform_network_init
 .text.ai_platform_network_post_init
                0x0000000008008970      0x158 ../Middlewares/ST/AI/Lib\NetworkRuntime512_CM7_GCC.a(ai_platform_interface.o)
                0x0000000008008970                ai_platform_network_post_init
 .text.ai_platform_network_process
                0x0000000008008ac8      0x560 ../Middlewares/ST/AI/Lib\NetworkRuntime512_CM7_GCC.a(ai_platform_interface.o)
                0x0000000008008ac8                ai_platform_network_process
 .text.core_init
                0x0000000008009028        0x4 ../Middlewares/ST/AI/Lib\NetworkRuntime512_CM7_GCC.a(core_common.o)
                0x0000000008009028                core_init
 .text.core_get_error
                0x000000000800902c        0xc ../Middlewares/ST/AI/Lib\NetworkRuntime512_CM7_GCC.a(core_common.o)
                0x000000000800902c                core_get_error
 .text.core_set_error
                0x0000000008009038       0x18 ../Middlewares/ST/AI/Lib\NetworkRuntime512_CM7_GCC.a(core_common.o)
                0x0000000008009038                core_set_error
 .text.func_dummy
                0x0000000008009050        0x4 ../Middlewares/ST/AI/Lib\NetworkRuntime512_CM7_GCC.a(layers_conv2d_generic_float.o)
 .text.ai_dict8_dot_array_f32
                0x0000000008009054      0x460 ../Middlewares/ST/AI/Lib\NetworkRuntime512_CM7_GCC.a(layers_conv2d_generic_float.o)
                0x0000000008009054                ai_dict8_dot_array_f32
 .text.ai_dict4_dot_array_f32
                0x00000000080094b4      0x17c ../Middlewares/ST/AI/Lib\NetworkRuntime512_CM7_GCC.a(layers_conv2d_generic_float.o)
                0x00000000080094b4                ai_dict4_dot_array_f32
 .text.ai_dict_decompress_f32
                0x0000000008009630       0xa0 ../Middlewares/ST/AI/Lib\NetworkRuntime512_CM7_GCC.a(layers_conv2d_generic_float.o)
                0x0000000008009630                ai_dict_decompress_f32
 .text.forward_conv2d
                0x00000000080096d0      0xc88 ../Middlewares/ST/AI/Lib\NetworkRuntime512_CM7_GCC.a(layers_conv2d_generic_float.o)
                0x00000000080096d0                forward_conv2d
 .text.forward_dense
                0x000000000800a358      0x44c ../Middlewares/ST/AI/Lib\NetworkRuntime512_CM7_GCC.a(layers_conv2d_generic_float.o)
                0x000000000800a358                forward_dense
 .text.nl_func_relu_generic_array_f32
                0x000000000800a7a4       0xf0 ../Middlewares/ST/AI/Lib\NetworkRuntime512_CM7_GCC.a(layers_nl_generic_float.o)
                0x000000000800a7a4                nl_func_relu_generic_array_f32
 .text.forward_sm
                0x000000000800a894      0x124 ../Middlewares/ST/AI/Lib\NetworkRuntime512_CM7_GCC.a(layers_nl_generic_float.o)
                0x000000000800a894                forward_sm
 .text.forward_mp
                0x000000000800a9b8      0x18c ../Middlewares/ST/AI/Lib\NetworkRuntime512_CM7_GCC.a(layers_pool_generic_float.o)
                0x000000000800a9b8                forward_mp
 .text.forward_bn
                0x000000000800ab44      0x154 ../Middlewares/ST/AI/Lib\NetworkRuntime512_CM7_GCC.a(layers_norm_generic_float.o)
                0x000000000800ab44                forward_bn
 .text.ai_check_custom_types
                0x000000000800ac98       0x54 ../Middlewares/ST/AI/Lib\NetworkRuntime512_CM7_GCC.a(layers.o)
                0x000000000800ac98                ai_check_custom_types
 .text.ai_layers_forward_all
                0x000000000800acec       0x74 ../Middlewares/ST/AI/Lib\NetworkRuntime512_CM7_GCC.a(layers.o)
                0x000000000800acec                ai_layers_forward_all
 .text.ai_array_to_buffer_fmt
                0x000000000800ad60       0x98 ../Middlewares/ST/AI/Lib\NetworkRuntime512_CM7_GCC.a(ai_datatypes_format.o)
                0x000000000800ad60                ai_array_to_buffer_fmt
 .text.ai_array_get_byte_size
                0x000000000800adf8       0x50 ../Middlewares/ST/AI/Lib\NetworkRuntime512_CM7_GCC.a(ai_datatypes_format.o)
                0x000000000800adf8                ai_array_get_byte_size
 .text.__errno  0x000000000800ae48        0xc c:/st/stm32cubeide_1.3.0/stm32cubeide/plugins/com.st.stm32cube.ide.mcu.externaltools.gnu-tools-for-stm32.7-2018-q2-update.win32_1.4.0.202007081208/tools/bin/../lib/gcc/arm-none-eabi/7.3.1/../../../../arm-none-eabi/lib/thumb/v7e-m/fpv4-sp/hard\libc_nano.a(lib_a-errno.o)
                0x000000000800ae48                __errno
 .text.__libc_init_array
                0x000000000800ae54       0x48 c:/st/stm32cubeide_1.3.0/stm32cubeide/plugins/com.st.stm32cube.ide.mcu.externaltools.gnu-tools-for-stm32.7-2018-q2-update.win32_1.4.0.202007081208/tools/bin/../lib/gcc/arm-none-eabi/7.3.1/../../../../arm-none-eabi/lib/thumb/v7e-m/fpv4-sp/hard\libc_nano.a(lib_a-init.o)
                0x000000000800ae54                __libc_init_array
 .text.malloc   0x000000000800ae9c       0x10 c:/st/stm32cubeide_1.3.0/stm32cubeide/plugins/com.st.stm32cube.ide.mcu.externaltools.gnu-tools-for-stm32.7-2018-q2-update.win32_1.4.0.202007081208/tools/bin/../lib/gcc/arm-none-eabi/7.3.1/../../../../arm-none-eabi/lib/thumb/v7e-m/fpv4-sp/hard\libc_nano.a(lib_a-malloc.o)
                0x000000000800ae9c                malloc
 .text.memcpy   0x000000000800aeac       0x16 c:/st/stm32cubeide_1.3.0/stm32cubeide/plugins/com.st.stm32cube.ide.mcu.externaltools.gnu-tools-for-stm32.7-2018-q2-update.win32_1.4.0.202007081208/tools/bin/../lib/gcc/arm-none-eabi/7.3.1/../../../../arm-none-eabi/lib/thumb/v7e-m/fpv4-sp/hard\libc_nano.a(lib_a-memcpy-stub.o)
                0x000000000800aeac                memcpy
 .text.memset   0x000000000800aec2       0x10 c:/st/stm32cubeide_1.3.0/stm32cubeide/plugins/com.st.stm32cube.ide.mcu.externaltools.gnu-tools-for-stm32.7-2018-q2-update.win32_1.4.0.202007081208/tools/bin/../lib/gcc/arm-none-eabi/7.3.1/../../../../arm-none-eabi/lib/thumb/v7e-m/fpv4-sp/hard\libc_nano.a(lib_a-memset.o)
                0x000000000800aec2                memset
 *fill*         0x000000000800aed2        0x2 
 .text._free_r  0x000000000800aed4       0x9c c:/st/stm32cubeide_1.3.0/stm32cubeide/plugins/com.st.stm32cube.ide.mcu.externaltools.gnu-tools-for-stm32.7-2018-q2-update.win32_1.4.0.202007081208/tools/bin/../lib/gcc/arm-none-eabi/7.3.1/../../../../arm-none-eabi/lib/thumb/v7e-m/fpv4-sp/hard\libc_nano.a(lib_a-nano-freer.o)
                0x000000000800aed4                _free_r
 .text._malloc_r
                0x000000000800af70       0xb4 c:/st/stm32cubeide_1.3.0/stm32cubeide/plugins/com.st.stm32cube.ide.mcu.externaltools.gnu-tools-for-stm32.7-2018-q2-update.win32_1.4.0.202007081208/tools/bin/../lib/gcc/arm-none-eabi/7.3.1/../../../../arm-none-eabi/lib/thumb/v7e-m/fpv4-sp/hard\libc_nano.a(lib_a-nano-mallocr.o)
                0x000000000800af70                _malloc_r
 .text.__cvt    0x000000000800b024       0xc2 c:/st/stm32cubeide_1.3.0/stm32cubeide/plugins/com.st.stm32cube.ide.mcu.externaltools.gnu-tools-for-stm32.7-2018-q2-update.win32_1.4.0.202007081208/tools/bin/../lib/gcc/arm-none-eabi/7.3.1/../../../../arm-none-eabi/lib/thumb/v7e-m/fpv4-sp/hard\libc_nano.a(lib_a-nano-vfprintf_float.o)
                0x000000000800b024                __cvt
 .text.__exponent
                0x000000000800b0e6       0x66 c:/st/stm32cubeide_1.3.0/stm32cubeide/plugins/com.st.stm32cube.ide.mcu.externaltools.gnu-tools-for-stm32.7-2018-q2-update.win32_1.4.0.202007081208/tools/bin/../lib/gcc/arm-none-eabi/7.3.1/../../../../arm-none-eabi/lib/thumb/v7e-m/fpv4-sp/hard\libc_nano.a(lib_a-nano-vfprintf_float.o)
                0x000000000800b0e6                __exponent
 .text._printf_float
                0x000000000800b14c      0x480 c:/st/stm32cubeide_1.3.0/stm32cubeide/plugins/com.st.stm32cube.ide.mcu.externaltools.gnu-tools-for-stm32.7-2018-q2-update.win32_1.4.0.202007081208/tools/bin/../lib/gcc/arm-none-eabi/7.3.1/../../../../arm-none-eabi/lib/thumb/v7e-m/fpv4-sp/hard\libc_nano.a(lib_a-nano-vfprintf_float.o)
                0x000000000800b14c                _printf_float
 .text._printf_common
                0x000000000800b5cc       0xea c:/st/stm32cubeide_1.3.0/stm32cubeide/plugins/com.st.stm32cube.ide.mcu.externaltools.gnu-tools-for-stm32.7-2018-q2-update.win32_1.4.0.202007081208/tools/bin/../lib/gcc/arm-none-eabi/7.3.1/../../../../arm-none-eabi/lib/thumb/v7e-m/fpv4-sp/hard\libc_nano.a(lib_a-nano-vfprintf_i.o)
                0x000000000800b5cc                _printf_common
 *fill*         0x000000000800b6b6        0x2 
 .text._printf_i
                0x000000000800b6b8      0x224 c:/st/stm32cubeide_1.3.0/stm32cubeide/plugins/com.st.stm32cube.ide.mcu.externaltools.gnu-tools-for-stm32.7-2018-q2-update.win32_1.4.0.202007081208/tools/bin/../lib/gcc/arm-none-eabi/7.3.1/../../../../arm-none-eabi/lib/thumb/v7e-m/fpv4-sp/hard\libc_nano.a(lib_a-nano-vfprintf_i.o)
                0x000000000800b6b8                _printf_i
 .text._sbrk_r  0x000000000800b8dc       0x20 c:/st/stm32cubeide_1.3.0/stm32cubeide/plugins/com.st.stm32cube.ide.mcu.externaltools.gnu-tools-for-stm32.7-2018-q2-update.win32_1.4.0.202007081208/tools/bin/../lib/gcc/arm-none-eabi/7.3.1/../../../../arm-none-eabi/lib/thumb/v7e-m/fpv4-sp/hard\libc_nano.a(lib_a-sbrkr.o)
                0x000000000800b8dc                _sbrk_r
 .text.snprintf
                0x000000000800b8fc       0x68 c:/st/stm32cubeide_1.3.0/stm32cubeide/plugins/com.st.stm32cube.ide.mcu.externaltools.gnu-tools-for-stm32.7-2018-q2-update.win32_1.4.0.202007081208/tools/bin/../lib/gcc/arm-none-eabi/7.3.1/../../../../arm-none-eabi/lib/thumb/v7e-m/fpv4-sp/hard\libc_nano.a(lib_a-snprintf.o)
                0x000000000800b8fc                sniprintf
                0x000000000800b8fc                snprintf
 .text.sprintf  0x000000000800b964       0x40 c:/st/stm32cubeide_1.3.0/stm32cubeide/plugins/com.st.stm32cube.ide.mcu.externaltools.gnu-tools-for-stm32.7-2018-q2-update.win32_1.4.0.202007081208/tools/bin/../lib/gcc/arm-none-eabi/7.3.1/../../../../arm-none-eabi/lib/thumb/v7e-m/fpv4-sp/hard\libc_nano.a(lib_a-sprintf.o)
                0x000000000800b964                siprintf
                0x000000000800b964                sprintf
 .text.quorem   0x000000000800b9a4      0x118 c:/st/stm32cubeide_1.3.0/stm32cubeide/plugins/com.st.stm32cube.ide.mcu.externaltools.gnu-tools-for-stm32.7-2018-q2-update.win32_1.4.0.202007081208/tools/bin/../lib/gcc/arm-none-eabi/7.3.1/../../../../arm-none-eabi/lib/thumb/v7e-m/fpv4-sp/hard\libc_nano.a(lib_a-dtoa.o)
 *fill*         0x000000000800babc        0x4 
 .text._dtoa_r  0x000000000800bac0      0xb70 c:/st/stm32cubeide_1.3.0/stm32cubeide/plugins/com.st.stm32cube.ide.mcu.externaltools.gnu-tools-for-stm32.7-2018-q2-update.win32_1.4.0.202007081208/tools/bin/../lib/gcc/arm-none-eabi/7.3.1/../../../../arm-none-eabi/lib/thumb/v7e-m/fpv4-sp/hard\libc_nano.a(lib_a-dtoa.o)
                0x000000000800bac0                _dtoa_r
 .text._localeconv_r
                0x000000000800c630       0x1c c:/st/stm32cubeide_1.3.0/stm32cubeide/plugins/com.st.stm32cube.ide.mcu.externaltools.gnu-tools-for-stm32.7-2018-q2-update.win32_1.4.0.202007081208/tools/bin/../lib/gcc/arm-none-eabi/7.3.1/../../../../arm-none-eabi/lib/thumb/v7e-m/fpv4-sp/hard\libc_nano.a(lib_a-localeconv.o)
                0x000000000800c630                _localeconv_r
 .text.__ascii_mbtowc
                0x000000000800c64c       0x24 c:/st/stm32cubeide_1.3.0/stm32cubeide/plugins/com.st.stm32cube.ide.mcu.externaltools.gnu-tools-for-stm32.7-2018-q2-update.win32_1.4.0.202007081208/tools/bin/../lib/gcc/arm-none-eabi/7.3.1/../../../../arm-none-eabi/lib/thumb/v7e-m/fpv4-sp/hard\libc_nano.a(lib_a-mbtowc_r.o)
                0x000000000800c64c                __ascii_mbtowc
 .text.__malloc_lock
                0x000000000800c670        0x2 c:/st/stm32cubeide_1.3.0/stm32cubeide/plugins/com.st.stm32cube.ide.mcu.externaltools.gnu-tools-for-stm32.7-2018-q2-update.win32_1.4.0.202007081208/tools/bin/../lib/gcc/arm-none-eabi/7.3.1/../../../../arm-none-eabi/lib/thumb/v7e-m/fpv4-sp/hard\libc_nano.a(lib_a-mlock.o)
                0x000000000800c670                __malloc_lock
 .text.__malloc_unlock
                0x000000000800c672        0x2 c:/st/stm32cubeide_1.3.0/stm32cubeide/plugins/com.st.stm32cube.ide.mcu.externaltools.gnu-tools-for-stm32.7-2018-q2-update.win32_1.4.0.202007081208/tools/bin/../lib/gcc/arm-none-eabi/7.3.1/../../../../arm-none-eabi/lib/thumb/v7e-m/fpv4-sp/hard\libc_nano.a(lib_a-mlock.o)
                0x000000000800c672                __malloc_unlock
 .text._Balloc  0x000000000800c674       0x68 c:/st/stm32cubeide_1.3.0/stm32cubeide/plugins/com.st.stm32cube.ide.mcu.externaltools.gnu-tools-for-stm32.7-2018-q2-update.win32_1.4.0.202007081208/tools/bin/../lib/gcc/arm-none-eabi/7.3.1/../../../../arm-none-eabi/lib/thumb/v7e-m/fpv4-sp/hard\libc_nano.a(lib_a-mprec.o)
                0x000000000800c674                _Balloc
 .text._Bfree   0x000000000800c6dc       0x2e c:/st/stm32cubeide_1.3.0/stm32cubeide/plugins/com.st.stm32cube.ide.mcu.externaltools.gnu-tools-for-stm32.7-2018-q2-update.win32_1.4.0.202007081208/tools/bin/../lib/gcc/arm-none-eabi/7.3.1/../../../../arm-none-eabi/lib/thumb/v7e-m/fpv4-sp/hard\libc_nano.a(lib_a-mprec.o)
                0x000000000800c6dc                _Bfree
 .text.__multadd
                0x000000000800c70a       0x76 c:/st/stm32cubeide_1.3.0/stm32cubeide/plugins/com.st.stm32cube.ide.mcu.externaltools.gnu-tools-for-stm32.7-2018-q2-update.win32_1.4.0.202007081208/tools/bin/../lib/gcc/arm-none-eabi/7.3.1/../../../../arm-none-eabi/lib/thumb/v7e-m/fpv4-sp/hard\libc_nano.a(lib_a-mprec.o)
                0x000000000800c70a                __multadd
 .text.__hi0bits
                0x000000000800c780       0x3e c:/st/stm32cubeide_1.3.0/stm32cubeide/plugins/com.st.stm32cube.ide.mcu.externaltools.gnu-tools-for-stm32.7-2018-q2-update.win32_1.4.0.202007081208/tools/bin/../lib/gcc/arm-none-eabi/7.3.1/../../../../arm-none-eabi/lib/thumb/v7e-m/fpv4-sp/hard\libc_nano.a(lib_a-mprec.o)
                0x000000000800c780                __hi0bits
 .text.__lo0bits
                0x000000000800c7be       0x5e c:/st/stm32cubeide_1.3.0/stm32cubeide/plugins/com.st.stm32cube.ide.mcu.externaltools.gnu-tools-for-stm32.7-2018-q2-update.win32_1.4.0.202007081208/tools/bin/../lib/gcc/arm-none-eabi/7.3.1/../../../../arm-none-eabi/lib/thumb/v7e-m/fpv4-sp/hard\libc_nano.a(lib_a-mprec.o)
                0x000000000800c7be                __lo0bits
 .text.__i2b    0x000000000800c81c       0x12 c:/st/stm32cubeide_1.3.0/stm32cubeide/plugins/com.st.stm32cube.ide.mcu.externaltools.gnu-tools-for-stm32.7-2018-q2-update.win32_1.4.0.202007081208/tools/bin/../lib/gcc/arm-none-eabi/7.3.1/../../../../arm-none-eabi/lib/thumb/v7e-m/fpv4-sp/hard\libc_nano.a(lib_a-mprec.o)
                0x000000000800c81c                __i2b
 .text.__multiply
                0x000000000800c82e      0x12c c:/st/stm32cubeide_1.3.0/stm32cubeide/plugins/com.st.stm32cube.ide.mcu.externaltools.gnu-tools-for-stm32.7-2018-q2-update.win32_1.4.0.202007081208/tools/bin/../lib/gcc/arm-none-eabi/7.3.1/../../../../arm-none-eabi/lib/thumb/v7e-m/fpv4-sp/hard\libc_nano.a(lib_a-mprec.o)
                0x000000000800c82e                __multiply
 *fill*         0x000000000800c95a        0x2 
 .text.__pow5mult
                0x000000000800c95c       0x9c c:/st/stm32cubeide_1.3.0/stm32cubeide/plugins/com.st.stm32cube.ide.mcu.externaltools.gnu-tools-for-stm32.7-2018-q2-update.win32_1.4.0.202007081208/tools/bin/../lib/gcc/arm-none-eabi/7.3.1/../../../../arm-none-eabi/lib/thumb/v7e-m/fpv4-sp/hard\libc_nano.a(lib_a-mprec.o)
                0x000000000800c95c                __pow5mult
 .text.__lshift
                0x000000000800c9f8       0xa8 c:/st/stm32cubeide_1.3.0/stm32cubeide/plugins/com.st.stm32cube.ide.mcu.externaltools.gnu-tools-for-stm32.7-2018-q2-update.win32_1.4.0.202007081208/tools/bin/../lib/gcc/arm-none-eabi/7.3.1/../../../../arm-none-eabi/lib/thumb/v7e-m/fpv4-sp/hard\libc_nano.a(lib_a-mprec.o)
                0x000000000800c9f8                __lshift
 .text.__mcmp   0x000000000800caa0       0x34 c:/st/stm32cubeide_1.3.0/stm32cubeide/plugins/com.st.stm32cube.ide.mcu.externaltools.gnu-tools-for-stm32.7-2018-q2-update.win32_1.4.0.202007081208/tools/bin/../lib/gcc/arm-none-eabi/7.3.1/../../../../arm-none-eabi/lib/thumb/v7e-m/fpv4-sp/hard\libc_nano.a(lib_a-mprec.o)
                0x000000000800caa0                __mcmp
 .text.__mdiff  0x000000000800cad4       0xba c:/st/stm32cubeide_1.3.0/stm32cubeide/plugins/com.st.stm32cube.ide.mcu.externaltools.gnu-tools-for-stm32.7-2018-q2-update.win32_1.4.0.202007081208/tools/bin/../lib/gcc/arm-none-eabi/7.3.1/../../../../arm-none-eabi/lib/thumb/v7e-m/fpv4-sp/hard\libc_nano.a(lib_a-mprec.o)
                0x000000000800cad4                __mdiff
 .text.__d2b    0x000000000800cb8e       0x9e c:/st/stm32cubeide_1.3.0/stm32cubeide/plugins/com.st.stm32cube.ide.mcu.externaltools.gnu-tools-for-stm32.7-2018-q2-update.win32_1.4.0.202007081208/tools/bin/../lib/gcc/arm-none-eabi/7.3.1/../../../../arm-none-eabi/lib/thumb/v7e-m/fpv4-sp/hard\libc_nano.a(lib_a-mprec.o)
                0x000000000800cb8e                __d2b
 .text._calloc_r
                0x000000000800cc2c       0x1c c:/st/stm32cubeide_1.3.0/stm32cubeide/plugins/com.st.stm32cube.ide.mcu.externaltools.gnu-tools-for-stm32.7-2018-q2-update.win32_1.4.0.202007081208/tools/bin/../lib/gcc/arm-none-eabi/7.3.1/../../../../arm-none-eabi/lib/thumb/v7e-m/fpv4-sp/hard\libc_nano.a(lib_a-nano-callocr.o)
                0x000000000800cc2c                _calloc_r
 .text._realloc_r
                0x000000000800cc48       0x4c c:/st/stm32cubeide_1.3.0/stm32cubeide/plugins/com.st.stm32cube.ide.mcu.externaltools.gnu-tools-for-stm32.7-2018-q2-update.win32_1.4.0.202007081208/tools/bin/../lib/gcc/arm-none-eabi/7.3.1/../../../../arm-none-eabi/lib/thumb/v7e-m/fpv4-sp/hard\libc_nano.a(lib_a-nano-reallocr.o)
                0x000000000800cc48                _realloc_r
 .text.__ssputs_r
                0x000000000800cc94       0xb4 c:/st/stm32cubeide_1.3.0/stm32cubeide/plugins/com.st.stm32cube.ide.mcu.externaltools.gnu-tools-for-stm32.7-2018-q2-update.win32_1.4.0.202007081208/tools/bin/../lib/gcc/arm-none-eabi/7.3.1/../../../../arm-none-eabi/lib/thumb/v7e-m/fpv4-sp/hard\libc_nano.a(lib_a-nano-svfprintf.o)
                0x000000000800cc94                __ssputs_r
 .text._svfprintf_r
                0x000000000800cd48      0x1f0 c:/st/stm32cubeide_1.3.0/stm32cubeide/plugins/com.st.stm32cube.ide.mcu.externaltools.gnu-tools-for-stm32.7-2018-q2-update.win32_1.4.0.202007081208/tools/bin/../lib/gcc/arm-none-eabi/7.3.1/../../../../arm-none-eabi/lib/thumb/v7e-m/fpv4-sp/hard\libc_nano.a(lib_a-nano-svfprintf.o)
                0x000000000800cd48                _svfiprintf_r
                0x000000000800cd48                _svfprintf_r
 .text.__ascii_wctomb
                0x000000000800cf38       0x1a c:/st/stm32cubeide_1.3.0/stm32cubeide/plugins/com.st.stm32cube.ide.mcu.externaltools.gnu-tools-for-stm32.7-2018-q2-update.win32_1.4.0.202007081208/tools/bin/../lib/gcc/arm-none-eabi/7.3.1/../../../../arm-none-eabi/lib/thumb/v7e-m/fpv4-sp/hard\libc_nano.a(lib_a-wctomb_r.o)
                0x000000000800cf38                __ascii_wctomb
 .text.memmove  0x000000000800cf52       0x32 c:/st/stm32cubeide_1.3.0/stm32cubeide/plugins/com.st.stm32cube.ide.mcu.externaltools.gnu-tools-for-stm32.7-2018-q2-update.win32_1.4.0.202007081208/tools/bin/../lib/gcc/arm-none-eabi/7.3.1/../../../../arm-none-eabi/lib/thumb/v7e-m/fpv4-sp/hard\libc_nano.a(lib_a-memmove.o)
                0x000000000800cf52                memmove
 .text._malloc_usable_size_r
                0x000000000800cf84       0x10 c:/st/stm32cubeide_1.3.0/stm32cubeide/plugins/com.st.stm32cube.ide.mcu.externaltools.gnu-tools-for-stm32.7-2018-q2-update.win32_1.4.0.202007081208/tools/bin/../lib/gcc/arm-none-eabi/7.3.1/../../../../arm-none-eabi/lib/thumb/v7e-m/fpv4-sp/hard\libc_nano.a(lib_a-nano-msizer.o)
                0x000000000800cf84                _malloc_usable_size_r
 .text.expf     0x000000000800cf94       0xf4 c:/st/stm32cubeide_1.3.0/stm32cubeide/plugins/com.st.stm32cube.ide.mcu.externaltools.gnu-tools-for-stm32.7-2018-q2-update.win32_1.4.0.202007081208/tools/bin/../lib/gcc/arm-none-eabi/7.3.1/../../../../arm-none-eabi/lib/thumb/v7e-m/fpv4-sp/hard\libm.a(lib_a-wf_exp.o)
                0x000000000800cf94                expf
 .text.log10f   0x000000000800d088       0xec c:/st/stm32cubeide_1.3.0/stm32cubeide/plugins/com.st.stm32cube.ide.mcu.externaltools.gnu-tools-for-stm32.7-2018-q2-update.win32_1.4.0.202007081208/tools/bin/../lib/gcc/arm-none-eabi/7.3.1/../../../../arm-none-eabi/lib/thumb/v7e-m/fpv4-sp/hard\libm.a(lib_a-wf_log10.o)
                0x000000000800d088                log10f
 .text.sqrtf    0x000000000800d174       0xa0 c:/st/stm32cubeide_1.3.0/stm32cubeide/plugins/com.st.stm32cube.ide.mcu.externaltools.gnu-tools-for-stm32.7-2018-q2-update.win32_1.4.0.202007081208/tools/bin/../lib/gcc/arm-none-eabi/7.3.1/../../../../arm-none-eabi/lib/thumb/v7e-m/fpv4-sp/hard\libm.a(lib_a-wf_sqrt.o)
                0x000000000800d174                sqrtf
 .text.__ieee754_expf
                0x000000000800d214      0x1a8 c:/st/stm32cubeide_1.3.0/stm32cubeide/plugins/com.st.stm32cube.ide.mcu.externaltools.gnu-tools-for-stm32.7-2018-q2-update.win32_1.4.0.202007081208/tools/bin/../lib/gcc/arm-none-eabi/7.3.1/../../../../arm-none-eabi/lib/thumb/v7e-m/fpv4-sp/hard\libm.a(lib_a-ef_exp.o)
                0x000000000800d214                __ieee754_expf
 .text.__ieee754_logf
                0x000000000800d3bc      0x1dc c:/st/stm32cubeide_1.3.0/stm32cubeide/plugins/com.st.stm32cube.ide.mcu.externaltools.gnu-tools-for-stm32.7-2018-q2-update.win32_1.4.0.202007081208/tools/bin/../lib/gcc/arm-none-eabi/7.3.1/../../../../arm-none-eabi/lib/thumb/v7e-m/fpv4-sp/hard\libm.a(lib_a-ef_log.o)
                0x000000000800d3bc                __ieee754_logf
 .text.__ieee754_log10f
                0x000000000800d598       0xac c:/st/stm32cubeide_1.3.0/stm32cubeide/plugins/com.st.stm32cube.ide.mcu.externaltools.gnu-tools-for-stm32.7-2018-q2-update.win32_1.4.0.202007081208/tools/bin/../lib/gcc/arm-none-eabi/7.3.1/../../../../arm-none-eabi/lib/thumb/v7e-m/fpv4-sp/hard\libm.a(lib_a-ef_log10.o)
                0x000000000800d598                __ieee754_log10f
 .text.__ieee754_sqrtf
                0x000000000800d644        0x6 c:/st/stm32cubeide_1.3.0/stm32cubeide/plugins/com.st.stm32cube.ide.mcu.externaltools.gnu-tools-for-stm32.7-2018-q2-update.win32_1.4.0.202007081208/tools/bin/../lib/gcc/arm-none-eabi/7.3.1/../../../../arm-none-eabi/lib/thumb/v7e-m/fpv4-sp/hard\libm.a(lib_a-ef_sqrt.o)
                0x000000000800d644                __ieee754_sqrtf
 .text.matherr  0x000000000800d64a        0x4 c:/st/stm32cubeide_1.3.0/stm32cubeide/plugins/com.st.stm32cube.ide.mcu.externaltools.gnu-tools-for-stm32.7-2018-q2-update.win32_1.4.0.202007081208/tools/bin/../lib/gcc/arm-none-eabi/7.3.1/../../../../arm-none-eabi/lib/thumb/v7e-m/fpv4-sp/hard\libm.a(lib_a-s_matherr.o)
                0x000000000800d64a                matherr
 *fill*         0x000000000800d64e        0x2 
 .text.nan      0x000000000800d650       0x10 c:/st/stm32cubeide_1.3.0/stm32cubeide/plugins/com.st.stm32cube.ide.mcu.externaltools.gnu-tools-for-stm32.7-2018-q2-update.win32_1.4.0.202007081208/tools/bin/../lib/gcc/arm-none-eabi/7.3.1/../../../../arm-none-eabi/lib/thumb/v7e-m/fpv4-sp/hard\libm.a(lib_a-s_nan.o)
                0x000000000800d650                nan
 .text.finitef  0x000000000800d660       0x14 c:/st/stm32cubeide_1.3.0/stm32cubeide/plugins/com.st.stm32cube.ide.mcu.externaltools.gnu-tools-for-stm32.7-2018-q2-update.win32_1.4.0.202007081208/tools/bin/../lib/gcc/arm-none-eabi/7.3.1/../../../../arm-none-eabi/lib/thumb/v7e-m/fpv4-sp/hard\libm.a(lib_a-sf_finite.o)
                0x000000000800d660                finitef
 *(.glue_7)
 .glue_7        0x000000000800d674        0x0 linker stubs
 *(.glue_7t)
 .glue_7t       0x000000000800d674        0x0 linker stubs
 *(.eh_frame)
 .eh_frame      0x000000000800d674        0x0 c:/st/stm32cubeide_1.3.0/stm32cubeide/plugins/com.st.stm32cube.ide.mcu.externaltools.gnu-tools-for-stm32.7-2018-q2-update.win32_1.4.0.202007081208/tools/bin/../lib/gcc/arm-none-eabi/7.3.1/thumb/v7e-m/fpv4-sp/hard/crtbegin.o
 *(.init)
 .init          0x000000000800d674        0x4 c:/st/stm32cubeide_1.3.0/stm32cubeide/plugins/com.st.stm32cube.ide.mcu.externaltools.gnu-tools-for-stm32.7-2018-q2-update.win32_1.4.0.202007081208/tools/bin/../lib/gcc/arm-none-eabi/7.3.1/thumb/v7e-m/fpv4-sp/hard/crti.o
                0x000000000800d674                _init
 .init          0x000000000800d678        0x8 c:/st/stm32cubeide_1.3.0/stm32cubeide/plugins/com.st.stm32cube.ide.mcu.externaltools.gnu-tools-for-stm32.7-2018-q2-update.win32_1.4.0.202007081208/tools/bin/../lib/gcc/arm-none-eabi/7.3.1/thumb/v7e-m/fpv4-sp/hard/crtn.o
 *(.fini)
 .fini          0x000000000800d680        0x4 c:/st/stm32cubeide_1.3.0/stm32cubeide/plugins/com.st.stm32cube.ide.mcu.externaltools.gnu-tools-for-stm32.7-2018-q2-update.win32_1.4.0.202007081208/tools/bin/../lib/gcc/arm-none-eabi/7.3.1/thumb/v7e-m/fpv4-sp/hard/crti.o
                0x000000000800d680                _fini
 .fini          0x000000000800d684        0x8 c:/st/stm32cubeide_1.3.0/stm32cubeide/plugins/com.st.stm32cube.ide.mcu.externaltools.gnu-tools-for-stm32.7-2018-q2-update.win32_1.4.0.202007081208/tools/bin/../lib/gcc/arm-none-eabi/7.3.1/thumb/v7e-m/fpv4-sp/hard/crtn.o
                0x000000000800d68c                . = ALIGN (0x4)
                0x000000000800d68c                _etext = .

.vfp11_veneer   0x000000000800d68c        0x0
 .vfp11_veneer  0x000000000800d68c        0x0 linker stubs

.v4_bx          0x000000000800d68c        0x0
 .v4_bx         0x000000000800d68c        0x0 linker stubs

.iplt           0x000000000800d68c        0x0
 .iplt          0x000000000800d68c        0x0 c:/st/stm32cubeide_1.3.0/stm32cubeide/plugins/com.st.stm32cube.ide.mcu.externaltools.gnu-tools-for-stm32.7-2018-q2-update.win32_1.4.0.202007081208/tools/bin/../lib/gcc/arm-none-eabi/7.3.1/thumb/v7e-m/fpv4-sp/hard/crtbegin.o

.rodata         0x000000000800d690    0x25c70
                0x000000000800d690                . = ALIGN (0x4)
 *(.rodata)
 .rodata        0x000000000800d690       0x14 Core/Src/esp8266_communication.o
 .rodata        0x000000000800d6a4       0xb6 Core/Src/main.o
 *fill*         0x000000000800d75a        0x2 
 .rodata        0x000000000800d75c        0x4 ../Middlewares/ST/AI/Lib\NetworkRuntime512_CM7_GCC.a(layers.o)
 *(.rodata*)
 .rodata.AHBPrescTable
                0x000000000800d760       0x10 Core/Src/system_stm32f7xx.o
                0x000000000800d760                AHBPrescTable
 .rodata.APBPrescTable
                0x000000000800d770        0x8 Core/Src/system_stm32f7xx.o
                0x000000000800d770                APBPrescTable
 .rodata.flagBitshiftOffset.8442
                0x000000000800d778        0x8 Drivers/STM32F7xx_HAL_Driver/Src/stm32f7xx_hal_dma.o
 .rodata.hannWin_1024
                0x000000000800d780     0x1000 Drivers/STM32_AI_AudioPreprocessing_Library/Src/common_tables.o
                0x000000000800d780                hannWin_1024
 .rodata.melFiltersStartIndices_1024_30
                0x000000000800e780       0x78 Drivers/STM32_AI_AudioPreprocessing_Library/Src/common_tables.o
                0x000000000800e780                melFiltersStartIndices_1024_30
 .rodata.melFiltersStopIndices_1024_30
                0x000000000800e7f8       0x78 Drivers/STM32_AI_AudioPreprocessing_Library/Src/common_tables.o
                0x000000000800e7f8                melFiltersStopIndices_1024_30
 .rodata.melFilterLut_1024_30
                0x000000000800e870      0xf20 Drivers/STM32_AI_AudioPreprocessing_Library/Src/common_tables.o
                0x000000000800e870                melFilterLut_1024_30
 .rodata.conv2d_chain
                0x000000000800f790        0x8 X-CUBE-AI/App/network.o
 .rodata.conv2d_1_chain
                0x000000000800f798        0x8 X-CUBE-AI/App/network.o
 .rodata.batch_normalization_1_chain
                0x000000000800f7a0        0x8 X-CUBE-AI/App/network.o
 .rodata.max_pooling2d_chain
                0x000000000800f7a8        0x8 X-CUBE-AI/App/network.o
 .rodata.conv2d_2_chain
                0x000000000800f7b0        0x8 X-CUBE-AI/App/network.o
 .rodata.conv2d_3_chain
                0x000000000800f7b8        0x8 X-CUBE-AI/App/network.o
 .rodata.batch_normalization_3_chain
                0x000000000800f7c0        0x8 X-CUBE-AI/App/network.o
 .rodata.global_max_pooling2d_chain
                0x000000000800f7c8        0x8 X-CUBE-AI/App/network.o
 .rodata.dense_chain
                0x000000000800f7d0        0x8 X-CUBE-AI/App/network.o
 .rodata.dense_nl_chain
                0x000000000800f7d8        0x8 X-CUBE-AI/App/network.o
 .rodata.conv2d_nl_params_data
                0x000000000800f7e0        0xc X-CUBE-AI/App/network.o
 .rodata.conv2d_nl_params
                0x000000000800f7ec       0x10 X-CUBE-AI/App/network.o
 .rodata.conv2d_1_nl_params_data
                0x000000000800f7fc        0xc X-CUBE-AI/App/network.o
 .rodata.conv2d_1_nl_params
                0x000000000800f808       0x10 X-CUBE-AI/App/network.o
 .rodata.conv2d_2_nl_params_data
                0x000000000800f818        0xc X-CUBE-AI/App/network.o
 .rodata.conv2d_2_nl_params
                0x000000000800f824       0x10 X-CUBE-AI/App/network.o
 .rodata.conv2d_3_nl_params_data
                0x000000000800f834        0xc X-CUBE-AI/App/network.o
 .rodata.conv2d_3_nl_params
                0x000000000800f840       0x10 X-CUBE-AI/App/network.o
 .rodata.s_network_weights.5656
                0x000000000800f850    0x103d4 X-CUBE-AI/App/network_data.o
 .rodata.twiddleCoef_2048
                0x000000000801fc24     0x4000 ../libs\libarm_cortexM7lfdp_math.a(arm_common_tables.o)
                0x000000000801fc24                twiddleCoef_2048
 .rodata.twiddleCoef_rfft_64
                0x0000000008023c24      0x100 ../libs\libarm_cortexM7lfdp_math.a(arm_common_tables.o)
                0x0000000008023c24                twiddleCoef_rfft_64
 .rodata.armBitRevIndexTable64
                0x0000000008023d24       0x70 ../libs\libarm_cortexM7lfdp_math.a(arm_common_tables.o)
                0x0000000008023d24                armBitRevIndexTable64
 .rodata.twiddleCoef_rfft_2048
                0x0000000008023d94     0x2000 ../libs\libarm_cortexM7lfdp_math.a(arm_common_tables.o)
                0x0000000008023d94                twiddleCoef_rfft_2048
 .rodata.twiddleCoef_rfft_4096
                0x0000000008025d94     0x4000 ../libs\libarm_cortexM7lfdp_math.a(arm_common_tables.o)
                0x0000000008025d94                twiddleCoef_rfft_4096
 .rodata.twiddleCoef_256
                0x0000000008029d94      0x800 ../libs\libarm_cortexM7lfdp_math.a(arm_common_tables.o)
                0x0000000008029d94                twiddleCoef_256
 .rodata.twiddleCoef_16
                0x000000000802a594       0x80 ../libs\libarm_cortexM7lfdp_math.a(arm_common_tables.o)
                0x000000000802a594                twiddleCoef_16
 .rodata.twiddleCoef_1024
                0x000000000802a614     0x2000 ../libs\libarm_cortexM7lfdp_math.a(arm_common_tables.o)
                0x000000000802a614                twiddleCoef_1024
 .rodata.twiddleCoef_32
                0x000000000802c614      0x100 ../libs\libarm_cortexM7lfdp_math.a(arm_common_tables.o)
                0x000000000802c614                twiddleCoef_32
 .rodata.armBitRevIndexTable1024
                0x000000000802c714      0xe10 ../libs\libarm_cortexM7lfdp_math.a(arm_common_tables.o)
                0x000000000802c714                armBitRevIndexTable1024
 .rodata.armBitRevIndexTable16
                0x000000000802d524       0x28 ../libs\libarm_cortexM7lfdp_math.a(arm_common_tables.o)
                0x000000000802d524                armBitRevIndexTable16
 .rodata.twiddleCoef_rfft_32
                0x000000000802d54c       0x80 ../libs\libarm_cortexM7lfdp_math.a(arm_common_tables.o)
                0x000000000802d54c                twiddleCoef_rfft_32
 .rodata.armBitRevIndexTable32
                0x000000000802d5cc       0x60 ../libs\libarm_cortexM7lfdp_math.a(arm_common_tables.o)
                0x000000000802d5cc                armBitRevIndexTable32
 .rodata.twiddleCoef_128
                0x000000000802d62c      0x400 ../libs\libarm_cortexM7lfdp_math.a(arm_common_tables.o)
                0x000000000802d62c                twiddleCoef_128
 .rodata.twiddleCoef_512
                0x000000000802da2c     0x1000 ../libs\libarm_cortexM7lfdp_math.a(arm_common_tables.o)
                0x000000000802da2c                twiddleCoef_512
 .rodata.armBitRevIndexTable2048
                0x000000000802ea2c     0x1dc0 ../libs\libarm_cortexM7lfdp_math.a(arm_common_tables.o)
                0x000000000802ea2c                armBitRevIndexTable2048
 .rodata.twiddleCoef_64
                0x00000000080307ec      0x200 ../libs\libarm_cortexM7lfdp_math.a(arm_common_tables.o)
                0x00000000080307ec                twiddleCoef_64
 .rodata.twiddleCoef_rfft_512
                0x00000000080309ec      0x800 ../libs\libarm_cortexM7lfdp_math.a(arm_common_tables.o)
                0x00000000080309ec                twiddleCoef_rfft_512
 .rodata.armBitRevIndexTable512
                0x00000000080311ec      0x380 ../libs\libarm_cortexM7lfdp_math.a(arm_common_tables.o)
                0x00000000080311ec                armBitRevIndexTable512
 .rodata.twiddleCoef_rfft_1024
                0x000000000803156c     0x1000 ../libs\libarm_cortexM7lfdp_math.a(arm_common_tables.o)
                0x000000000803156c                twiddleCoef_rfft_1024
 .rodata.twiddleCoef_rfft_256
                0x000000000803256c      0x400 ../libs\libarm_cortexM7lfdp_math.a(arm_common_tables.o)
                0x000000000803256c                twiddleCoef_rfft_256
 .rodata.armBitRevIndexTable256
                0x000000000803296c      0x370 ../libs\libarm_cortexM7lfdp_math.a(arm_common_tables.o)
                0x000000000803296c                armBitRevIndexTable256
 .rodata.twiddleCoef_rfft_128
                0x0000000008032cdc      0x200 ../libs\libarm_cortexM7lfdp_math.a(arm_common_tables.o)
                0x0000000008032cdc                twiddleCoef_rfft_128
 .rodata.armBitRevIndexTable128
                0x0000000008032edc      0x1a0 ../libs\libarm_cortexM7lfdp_math.a(arm_common_tables.o)
                0x0000000008032edc                armBitRevIndexTable128
 .rodata._printf_float.str1.1
                0x000000000803307c       0x12 c:/st/stm32cubeide_1.3.0/stm32cubeide/plugins/com.st.stm32cube.ide.mcu.externaltools.gnu-tools-for-stm32.7-2018-q2-update.win32_1.4.0.202007081208/tools/bin/../lib/gcc/arm-none-eabi/7.3.1/../../../../arm-none-eabi/lib/thumb/v7e-m/fpv4-sp/hard\libc_nano.a(lib_a-nano-vfprintf_float.o)
 .rodata._printf_i.str1.1
                0x000000000803308e       0x22 c:/st/stm32cubeide_1.3.0/stm32cubeide/plugins/com.st.stm32cube.ide.mcu.externaltools.gnu-tools-for-stm32.7-2018-q2-update.win32_1.4.0.202007081208/tools/bin/../lib/gcc/arm-none-eabi/7.3.1/../../../../arm-none-eabi/lib/thumb/v7e-m/fpv4-sp/hard\libc_nano.a(lib_a-nano-vfprintf_i.o)
 .rodata._dtoa_r.str1.1
                0x00000000080330b0        0xd c:/st/stm32cubeide_1.3.0/stm32cubeide/plugins/com.st.stm32cube.ide.mcu.externaltools.gnu-tools-for-stm32.7-2018-q2-update.win32_1.4.0.202007081208/tools/bin/../lib/gcc/arm-none-eabi/7.3.1/../../../../arm-none-eabi/lib/thumb/v7e-m/fpv4-sp/hard\libc_nano.a(lib_a-dtoa.o)
                                          0xf (size before relaxing)
 .rodata._setlocale_r.str1.1
                0x00000000080330bd        0x8 c:/st/stm32cubeide_1.3.0/stm32cubeide/plugins/com.st.stm32cube.ide.mcu.externaltools.gnu-tools-for-stm32.7-2018-q2-update.win32_1.4.0.202007081208/tools/bin/../lib/gcc/arm-none-eabi/7.3.1/../../../../arm-none-eabi/lib/thumb/v7e-m/fpv4-sp/hard\libc_nano.a(lib_a-locale.o)
                                          0x9 (size before relaxing)
 .rodata.str1.1
                0x00000000080330c5        0x2 c:/st/stm32cubeide_1.3.0/stm32cubeide/plugins/com.st.stm32cube.ide.mcu.externaltools.gnu-tools-for-stm32.7-2018-q2-update.win32_1.4.0.202007081208/tools/bin/../lib/gcc/arm-none-eabi/7.3.1/../../../../arm-none-eabi/lib/thumb/v7e-m/fpv4-sp/hard\libc_nano.a(lib_a-locale.o)
 *fill*         0x00000000080330c7        0x1 
 .rodata.__mprec_bigtens
                0x00000000080330c8       0x28 c:/st/stm32cubeide_1.3.0/stm32cubeide/plugins/com.st.stm32cube.ide.mcu.externaltools.gnu-tools-for-stm32.7-2018-q2-update.win32_1.4.0.202007081208/tools/bin/../lib/gcc/arm-none-eabi/7.3.1/../../../../arm-none-eabi/lib/thumb/v7e-m/fpv4-sp/hard\libc_nano.a(lib_a-mprec.o)
                0x00000000080330c8                __mprec_bigtens
 .rodata.__mprec_tens
                0x00000000080330f0       0xc8 c:/st/stm32cubeide_1.3.0/stm32cubeide/plugins/com.st.stm32cube.ide.mcu.externaltools.gnu-tools-for-stm32.7-2018-q2-update.win32_1.4.0.202007081208/tools/bin/../lib/gcc/arm-none-eabi/7.3.1/../../../../arm-none-eabi/lib/thumb/v7e-m/fpv4-sp/hard\libc_nano.a(lib_a-mprec.o)
                0x00000000080330f0                __mprec_tens
 .rodata.p05.7359
                0x00000000080331b8        0xc c:/st/stm32cubeide_1.3.0/stm32cubeide/plugins/com.st.stm32cube.ide.mcu.externaltools.gnu-tools-for-stm32.7-2018-q2-update.win32_1.4.0.202007081208/tools/bin/../lib/gcc/arm-none-eabi/7.3.1/../../../../arm-none-eabi/lib/thumb/v7e-m/fpv4-sp/hard\libc_nano.a(lib_a-mprec.o)
 .rodata._svfprintf_r.str1.1
                0x00000000080331c4       0x11 c:/st/stm32cubeide_1.3.0/stm32cubeide/plugins/com.st.stm32cube.ide.mcu.externaltools.gnu-tools-for-stm32.7-2018-q2-update.win32_1.4.0.202007081208/tools/bin/../lib/gcc/arm-none-eabi/7.3.1/../../../../arm-none-eabi/lib/thumb/v7e-m/fpv4-sp/hard\libc_nano.a(lib_a-nano-svfprintf.o)
 .rodata._ctype_
                0x00000000080331d5      0x101 c:/st/stm32cubeide_1.3.0/stm32cubeide/plugins/com.st.stm32cube.ide.mcu.externaltools.gnu-tools-for-stm32.7-2018-q2-update.win32_1.4.0.202007081208/tools/bin/../lib/gcc/arm-none-eabi/7.3.1/../../../../arm-none-eabi/lib/thumb/v7e-m/fpv4-sp/hard\libc_nano.a(lib_a-ctype_.o)
                0x00000000080331d5                _ctype_
 .rodata.expf.str1.1
                0x00000000080332d6        0x5 c:/st/stm32cubeide_1.3.0/stm32cubeide/plugins/com.st.stm32cube.ide.mcu.externaltools.gnu-tools-for-stm32.7-2018-q2-update.win32_1.4.0.202007081208/tools/bin/../lib/gcc/arm-none-eabi/7.3.1/../../../../arm-none-eabi/lib/thumb/v7e-m/fpv4-sp/hard\libm.a(lib_a-wf_exp.o)
 .rodata.log10f.str1.1
                0x00000000080332db        0x7 c:/st/stm32cubeide_1.3.0/stm32cubeide/plugins/com.st.stm32cube.ide.mcu.externaltools.gnu-tools-for-stm32.7-2018-q2-update.win32_1.4.0.202007081208/tools/bin/../lib/gcc/arm-none-eabi/7.3.1/../../../../arm-none-eabi/lib/thumb/v7e-m/fpv4-sp/hard\libm.a(lib_a-wf_log10.o)
                                          0x8 (size before relaxing)
 .rodata.sqrtf.str1.1
                0x00000000080332e2        0x6 c:/st/stm32cubeide_1.3.0/stm32cubeide/plugins/com.st.stm32cube.ide.mcu.externaltools.gnu-tools-for-stm32.7-2018-q2-update.win32_1.4.0.202007081208/tools/bin/../lib/gcc/arm-none-eabi/7.3.1/../../../../arm-none-eabi/lib/thumb/v7e-m/fpv4-sp/hard\libm.a(lib_a-wf_sqrt.o)
 .rodata.halF   0x00000000080332e8        0x8 c:/st/stm32cubeide_1.3.0/stm32cubeide/plugins/com.st.stm32cube.ide.mcu.externaltools.gnu-tools-for-stm32.7-2018-q2-update.win32_1.4.0.202007081208/tools/bin/../lib/gcc/arm-none-eabi/7.3.1/../../../../arm-none-eabi/lib/thumb/v7e-m/fpv4-sp/hard\libm.a(lib_a-ef_exp.o)
 .rodata.ln2HI  0x00000000080332f0        0x8 c:/st/stm32cubeide_1.3.0/stm32cubeide/plugins/com.st.stm32cube.ide.mcu.externaltools.gnu-tools-for-stm32.7-2018-q2-update.win32_1.4.0.202007081208/tools/bin/../lib/gcc/arm-none-eabi/7.3.1/../../../../arm-none-eabi/lib/thumb/v7e-m/fpv4-sp/hard\libm.a(lib_a-ef_exp.o)
 .rodata.ln2LO  0x00000000080332f8        0x8 c:/st/stm32cubeide_1.3.0/stm32cubeide/plugins/com.st.stm32cube.ide.mcu.externaltools.gnu-tools-for-stm32.7-2018-q2-update.win32_1.4.0.202007081208/tools/bin/../lib/gcc/arm-none-eabi/7.3.1/../../../../arm-none-eabi/lib/thumb/v7e-m/fpv4-sp/hard\libm.a(lib_a-ef_exp.o)
                0x0000000008033300                . = ALIGN (0x4)

.ARM.extab      0x0000000008033300        0x0
                0x0000000008033300                . = ALIGN (0x4)
 *(.ARM.extab* .gnu.linkonce.armextab.*)
                0x0000000008033300                . = ALIGN (0x4)

.ARM            0x0000000008033300        0x8
                0x0000000008033300                . = ALIGN (0x4)
                0x0000000008033300                __exidx_start = .
 *(.ARM.exidx*)
 .ARM.exidx     0x0000000008033300        0x8 c:/st/stm32cubeide_1.3.0/stm32cubeide/plugins/com.st.stm32cube.ide.mcu.externaltools.gnu-tools-for-stm32.7-2018-q2-update.win32_1.4.0.202007081208/tools/bin/../lib/gcc/arm-none-eabi/7.3.1/thumb/v7e-m/fpv4-sp/hard\libgcc.a(_udivmoddi4.o)
                0x0000000008033308                __exidx_end = .
                0x0000000008033308                . = ALIGN (0x4)

.rel.dyn        0x0000000008033308        0x0
 .rel.iplt      0x0000000008033308        0x0 c:/st/stm32cubeide_1.3.0/stm32cubeide/plugins/com.st.stm32cube.ide.mcu.externaltools.gnu-tools-for-stm32.7-2018-q2-update.win32_1.4.0.202007081208/tools/bin/../lib/gcc/arm-none-eabi/7.3.1/thumb/v7e-m/fpv4-sp/hard/crtbegin.o

.preinit_array  0x0000000008033308        0x0
                0x0000000008033308                . = ALIGN (0x4)
                0x0000000008033308                PROVIDE (__preinit_array_start = .)
 *(.preinit_array*)
                0x0000000008033308                PROVIDE (__preinit_array_end = .)
                0x0000000008033308                . = ALIGN (0x4)

.init_array     0x0000000008033308        0x4
                0x0000000008033308                . = ALIGN (0x4)
                0x0000000008033308                PROVIDE (__init_array_start = .)
 *(SORT_BY_NAME(.init_array.*))
 *(.init_array*)
 .init_array    0x0000000008033308        0x4 c:/st/stm32cubeide_1.3.0/stm32cubeide/plugins/com.st.stm32cube.ide.mcu.externaltools.gnu-tools-for-stm32.7-2018-q2-update.win32_1.4.0.202007081208/tools/bin/../lib/gcc/arm-none-eabi/7.3.1/thumb/v7e-m/fpv4-sp/hard/crtbegin.o
                0x000000000803330c                PROVIDE (__init_array_end = .)
                0x000000000803330c                . = ALIGN (0x4)

.fini_array     0x000000000803330c        0x4
                0x000000000803330c                . = ALIGN (0x4)
                [!provide]                        PROVIDE (__fini_array_start = .)
 *(SORT_BY_NAME(.fini_array.*))
 *(.fini_array*)
 .fini_array    0x000000000803330c        0x4 c:/st/stm32cubeide_1.3.0/stm32cubeide/plugins/com.st.stm32cube.ide.mcu.externaltools.gnu-tools-for-stm32.7-2018-q2-update.win32_1.4.0.202007081208/tools/bin/../lib/gcc/arm-none-eabi/7.3.1/thumb/v7e-m/fpv4-sp/hard/crtbegin.o
                [!provide]                        PROVIDE (__fini_array_end = .)
                0x0000000008033310                . = ALIGN (0x4)
                0x0000000008033310                _sidata = LOADADDR (.data)

.data           0x0000000020000000      0xe4c load address 0x0000000008033310
                0x0000000020000000                . = ALIGN (0x4)
                0x0000000020000000                _sdata = .
 *(.data)
 *(.data*)
 .data.Cmd_End  0x0000000020000000        0x3 Core/Src/main.o
                0x0000000020000000                Cmd_End
 *fill*         0x0000000020000003        0x1 
 .data.SystemCoreClock
                0x0000000020000004        0x4 Core/Src/system_stm32f7xx.o
                0x0000000020000004                SystemCoreClock
 .data.uwTickPrio
                0x0000000020000008        0x4 Drivers/STM32F7xx_HAL_Driver/Src/stm32f7xx_hal.o
                0x0000000020000008                uwTickPrio
 .data.uwTickFreq
                0x000000002000000c        0x1 Drivers/STM32F7xx_HAL_Driver/Src/stm32f7xx_hal.o
                0x000000002000000c                uwTickFreq
 *fill*         0x000000002000000d        0x3 
 .data.ai_input
                0x0000000020000010       0x18 X-CUBE-AI/App/app_x-cube-ai.o
 .data.ai_output
                0x0000000020000028       0x18 X-CUBE-AI/App/app_x-cube-ai.o
 .data.g_network
                0x0000000020000040       0x60 X-CUBE-AI/App/network.o
 .data.dense_bias_array
                0x00000000200000a0       0x10 X-CUBE-AI/App/network.o
 .data.dense_weights_array
                0x00000000200000b0       0x10 X-CUBE-AI/App/network.o
 .data.batch_normalization_3_bias_array
                0x00000000200000c0       0x10 X-CUBE-AI/App/network.o
 .data.batch_normalization_3_scale_array
                0x00000000200000d0       0x10 X-CUBE-AI/App/network.o
 .data.conv2d_3_bias_array
                0x00000000200000e0       0x10 X-CUBE-AI/App/network.o
 .data.conv2d_3_weights_array
                0x00000000200000f0       0x10 X-CUBE-AI/App/network.o
 .data.conv2d_2_bias_array
                0x0000000020000100       0x10 X-CUBE-AI/App/network.o
 .data.conv2d_2_weights_array
                0x0000000020000110       0x10 X-CUBE-AI/App/network.o
 .data.batch_normalization_1_bias_array
                0x0000000020000120       0x10 X-CUBE-AI/App/network.o
 .data.batch_normalization_1_scale_array
                0x0000000020000130       0x10 X-CUBE-AI/App/network.o
 .data.conv2d_1_bias_array
                0x0000000020000140       0x10 X-CUBE-AI/App/network.o
 .data.conv2d_1_weights_array
                0x0000000020000150       0x10 X-CUBE-AI/App/network.o
 .data.conv2d_bias_array
                0x0000000020000160       0x10 X-CUBE-AI/App/network.o
 .data.conv2d_weights_array
                0x0000000020000170       0x10 X-CUBE-AI/App/network.o
 .data.input_0_output_array
                0x0000000020000180       0x10 X-CUBE-AI/App/network.o
 .data.conv2d_output_array
                0x0000000020000190       0x10 X-CUBE-AI/App/network.o
 .data.conv2d_1_output_array
                0x00000000200001a0       0x10 X-CUBE-AI/App/network.o
 .data.batch_normalization_1_output_array
                0x00000000200001b0       0x10 X-CUBE-AI/App/network.o
 .data.max_pooling2d_output_array
                0x00000000200001c0       0x10 X-CUBE-AI/App/network.o
 .data.conv2d_2_output_array
                0x00000000200001d0       0x10 X-CUBE-AI/App/network.o
 .data.conv2d_3_output_array
                0x00000000200001e0       0x10 X-CUBE-AI/App/network.o
 .data.batch_normalization_3_output_array
                0x00000000200001f0       0x10 X-CUBE-AI/App/network.o
 .data.global_max_pooling2d_output_array
                0x0000000020000200       0x10 X-CUBE-AI/App/network.o
 .data.dense_output_array
                0x0000000020000210       0x10 X-CUBE-AI/App/network.o
 .data.dense_nl_output_array
                0x0000000020000220       0x10 X-CUBE-AI/App/network.o
 .data.dense_bias
                0x0000000020000230       0x1c X-CUBE-AI/App/network.o
 .data.dense_weights
                0x000000002000024c       0x1c X-CUBE-AI/App/network.o
 .data.batch_normalization_3_bias
                0x0000000020000268       0x1c X-CUBE-AI/App/network.o
 .data.batch_normalization_3_scale
                0x0000000020000284       0x1c X-CUBE-AI/App/network.o
 .data.conv2d_3_bias
                0x00000000200002a0       0x1c X-CUBE-AI/App/network.o
 .data.conv2d_3_weights
                0x00000000200002bc       0x1c X-CUBE-AI/App/network.o
 .data.conv2d_2_bias
                0x00000000200002d8       0x1c X-CUBE-AI/App/network.o
 .data.conv2d_2_weights
                0x00000000200002f4       0x1c X-CUBE-AI/App/network.o
 .data.batch_normalization_1_bias
                0x0000000020000310       0x1c X-CUBE-AI/App/network.o
 .data.batch_normalization_1_scale
                0x000000002000032c       0x1c X-CUBE-AI/App/network.o
 .data.conv2d_1_bias
                0x0000000020000348       0x1c X-CUBE-AI/App/network.o
 .data.conv2d_1_weights
                0x0000000020000364       0x1c X-CUBE-AI/App/network.o
 .data.conv2d_bias
                0x0000000020000380       0x1c X-CUBE-AI/App/network.o
 .data.conv2d_weights
                0x000000002000039c       0x1c X-CUBE-AI/App/network.o
 .data.input_0_output
                0x00000000200003b8       0x1c X-CUBE-AI/App/network.o
 .data.conv2d_output
                0x00000000200003d4       0x1c X-CUBE-AI/App/network.o
 .data.conv2d_1_output
                0x00000000200003f0       0x1c X-CUBE-AI/App/network.o
 .data.batch_normalization_1_output
                0x000000002000040c       0x1c X-CUBE-AI/App/network.o
 .data.max_pooling2d_output
                0x0000000020000428       0x1c X-CUBE-AI/App/network.o
 .data.conv2d_2_output
                0x0000000020000444       0x1c X-CUBE-AI/App/network.o
 .data.conv2d_3_output
                0x0000000020000460       0x1c X-CUBE-AI/App/network.o
 .data.batch_normalization_3_output
                0x000000002000047c       0x1c X-CUBE-AI/App/network.o
 .data.global_max_pooling2d_output