main.c:173:22:DelayMicro	16	static
main.c:190:6:HAL_RTC_AlarmAEventCallback	16	static
main.c:199:9:DecimalToBCD	16	static
main.c:204:6:setTime	24	static
main.c:219:6:getTime	8	static
main.c:234:6:set_Alarm	32	static
main.c:263:6:HAL_UART_RxCpltCallback	16	static
main.c:311:6:str2hex	24	static
main.c:321:9:NMEA_Checksum	184	static,ignoring_inline_asm
main.c:343:9:check_Valid_Header	24	static
main.c:373:9:take_Coordinate	32	static,ignoring_inline_asm
main.c:421:9:send_Coordinate_to_Serve	64	static,ignoring_inline_asm
main.c:453:7:Haversine	72	static
main.c:475:6:ON_OFF_Pulse	8	static
main.c:490:6:convert_Mode	16	static
main.c:501:6:HAL_GPIO_EXTI_Callback	32	static,ignoring_inline_asm
main.c:537:6:deleteBuffer	24	static
main.c:546:9:SaraU201Command	40	static
main.c:573:6:resetHardwareSARAU201	8	static
main.c:586:9:resetSoftwareSARAU201	8	static
main.c:597:6:contcatenateString	24	static
main.c:605:9:deleteSMS	8	static
main.c:612:9:checkPhoneNumber	16	static
main.c:626:9:CheckValidSMS	32	static
main.c:636:9:CheckValidDataTime	32	static
main.c:646:9:CheckValidDataServer	32	static
main.c:656:9:checkRSSI	16	static
main.c:669:6:checkMessage	32	static
main.c:703:9:checkDataServer	40	static
main.c:734:9:initSIM	8	static
main.c:769:9:sendMsg	48	static
main.c:828:9:makeCall	40	static
main.c:869:6:CutString	40	static
main.c:890:9:DataServer	40	static
main.c:941:9:getTimeServer	40	static
main.c:976:9:ConverDay	16	static
main.c:986:9:ConverMonth	16	static
main.c:1001:6:nextDay	24	static
main.c:1035:9:checkSafeArea	48	static
main.c:1049:6:send_getDataServer	40	static
main.c:1074:6:allowDetaching	8	static
main.c:1093:6:enableSpeaker	16	static
main.c:1102:6:enableDetach	16	static
main.c:1112:6:warningDetached	16	static
main.c:1128:6:warningOutSafeArea	16	static
main.c:1140:6:periodicUpdateData	32	static
main.c:1181:13:HAL_ADC_ConvCpltCallback	16	static
main.c:1191:5:main	8	static
main.c:1299:6:SystemClock_Config	184	static
main.c:1360:13:MX_ADC1_Init	32	static
main.c:1417:13:MX_LPUART1_UART_Init	8	static
main.c:1451:13:MX_USART1_UART_Init	8	static
main.c:1486:13:MX_RTC_Init	80	static
main.c:1567:13:MX_TIM16_Init	80	static
main.c:1629:13:MX_GPIO_Init	40	static
main.c:1694:6:Error_Handler	4	static
